<html>
<body>
<pre>
<h1>µVision Build Log</h1>
<h2>Tool Versions:</h2>
IDE-Version: µVision V5.23.0.0
Copyright (C) 2017 ARM Ltd and ARM Germany GmbH. All rights reserved.
License Information: Hoang Tran, IU, LIC=FQQQD-8ML8S-17CRR-KYWT0-P41UP-7PSZ5
 
Tool Versions:
Toolchain:       MDK-ARM Professional  Version: 5.23
Toolchain Path:  E:\Keil_v5\ARM\ARMCC\Bin
C Compiler:      Armcc.exe V5.06 update 4 (build 422)
Assembler:       Armasm.exe V5.06 update 4 (build 422)
Linker/Locator:  ArmLink.exe V5.06 update 4 (build 422)
Library Manager: ArmAr.exe V5.06 update 4 (build 422)
Hex Converter:   FromElf.exe V5.06 update 4 (build 422)
CPU DLL:         SARMCM3.DLL V5.23
Dialog DLL:      DCM.DLL V1.15.0.0
Target DLL:      lmidk-agdi.dll V???
Dialog DLL:      TCM.DLL V1.27.0.0
 
<h2>Project:</h2>
C:\Users\dell\Documents\Keil uVision\Tiva C TM4C123G\FreeRTOS\FreeRTOS.uvprojx
Project File Date:  06/19/2017

<h2>Output:</h2>
*** Using Compiler 'V5.06 update 4 (build 422)', folder: 'E:\Keil_v5\ARM\ARMCC\Bin'
Build target 'TM4C123'
compiling mytasks.c...
compiling pll.c...
compiling main.c...
compiling i2c1.c...
compiling lcd1602_i2c.c...
compiling RDM6300.c...
compiling uart1.c...
compiling uart0.c...
compiling diskio.c...
compiling ssi0.c...
compiling ffsystem.c...
compiling ff.c...
compiling clib_arm.c...
compiling DS1307.c...
assembling startup_TM4C123.s...
compiling cmsis_os2.c...
compiling system_TM4C123.c...
compiling freertos_evr.c...
compiling event_groups.c...
compiling list.c...
compiling heap_4.c...
compiling port.c...
compiling queue.c...
compiling FreeRTOS_Tick_Config.c...
compiling timers.c...
compiling tasks.c...
linking...
Program Size: Code=22820 RO-data=808 RW-data=172 ZI-data=12476  
".\Objects\FreeRTOS.axf" - 0 Error(s), 0 Warning(s).

<h2>Software Packages used:</h2>

Package Vendor: ARM
                http://www.keil.com/pack/ARM.CMSIS.5.0.1.pack
                ::CMSIS:RTOS2:2.1.0 (API)
                CMSIS (Cortex Microcontroller Software Interface Standard)
   * Component: RTOS2 Version: 2.1.0
   * Component: CORE Version: 5.0.1

Package Vendor: ARM
                http://www.keil.com/pack/ARM.CMSIS-FreeRTOS.9.0.0.pack
                ARM::CMSIS:RTOS2:FreeRTOS:9.0.0
                Bundle of FreeRTOS for Cortex-M and Cortex-A
   * Component: FreeRTOS Version: 9.0.0
   * Component: Core Version: 9.0.0
   * Component: Timers Version: 9.0.0
   * Component: Heap Variant: Heap_4 Version: 9.0.0
   * Component: Event Groups Version: 9.0.0
   * Component: Config Variant: CMSIS RTOS2 Version: 9.0.0

Package Vendor: Keil
                http://www.keil.com/pack/Keil.TM4C_DFP.1.1.0.pack
                Keil::Device:Startup:1.0.1
                Texas Instruments Tiva C Series Device Support and Examples
   * Component: Startup Version: 1.0.1

<h2>Collection of Component include folders:</h2>
  .\RTE\RTOS
  .\RTE\_TM4C123
  E:\Keil_v5\ARM\PACK\ARM\CMSIS-FreeRTOS\9.0.0\CMSIS\RTOS2\FreeRTOS\Include
  E:\Keil_v5\ARM\PACK\ARM\CMSIS-FreeRTOS\9.0.0\Source\include
  E:\Keil_v5\ARM\PACK\ARM\CMSIS-FreeRTOS\9.0.0\Source\portable\RVDS\ARM_CM4F
  E:\Keil_v5\ARM\PACK\ARM\CMSIS\5.0.1\CMSIS\Include
  E:\Keil_v5\ARM\PACK\ARM\CMSIS\5.0.1\CMSIS\RTOS2\Include
  E:\Keil_v5\ARM\PACK\Keil\TM4C_DFP\1.1.0\Device\Include\TM4C123

<h2>Collection of Component Files used:</h2>

   * Component: ::CMSIS:RTOS2:2.1.0 (API)
      Include file:  CMSIS\RTOS2\Include\cmsis_os2.h

   * Component: ARM::CMSIS:CORE:5.0.1

   * Component: ARM::CMSIS:RTOS2:FreeRTOS:9.0.0
      Source file:   CMSIS\RTOS2\FreeRTOS\Source\ARM\clib_arm.c
      Source file:   CMSIS\RTOS2\FreeRTOS\Source\cmsis_os2.c

   * Component: ARM.FreeRTOS::RTOS:Core:9.0.0
      Source file:   CMSIS\RTOS2\FreeRTOS\Source\freertos_evr.c
      Include file:  CMSIS\RTOS2\FreeRTOS\Include\freertos_evr.h
      Source file:   Source\list.c
      Include file:  Source\include\FreeRTOS.h
      Source file:   Source\tasks.c
      Include file:  Source\include\task.h
      Include file:  Source\include\queue.h
      Include file:  Source\include\semphr.h
      Source file:   Source\queue.c
      Source file:   Source\portable\RVDS\ARM_CM4F\port.c

   * Component: ARM.FreeRTOS::RTOS:Timers:9.0.0
      Include file:  Source\include\timers.h
      Source file:   Source\timers.c

   * Component: ARM.FreeRTOS::RTOS:Heap:Heap_4:9.0.0
      Source file:   Source\portable\MemMang\heap_4.c

   * Component: ARM.FreeRTOS::RTOS:Event Groups:9.0.0
      Include file:  Source\include\event_groups.h
      Source file:   Source\event_groups.c

   * Component: ARM.FreeRTOS::RTOS:Config:CMSIS RTOS2:9.0.0
      Include file:  CMSIS\RTOS2\FreeRTOS\Config\ARMCM\FreeRTOSConfig.h
      Include file:  CMSIS\RTOS2\FreeRTOS\Config\FreeRTOS_Tick_Config.h
      Source file:   CMSIS\RTOS2\FreeRTOS\Config\FreeRTOS_Tick_Config.c

   * Component: Keil::Device:Startup:1.0.1
      Source file:   Device\Source\ARM\startup_TM4C123.s
      Source file:   Device\Source\system_TM4C123.c
      Include file:  Device\Include\TM4C123\TM4C123.h
Build Time Elapsed:  00:00:04
</pre>
</body>
</html>
