Component: ARM Compiler 5.06 update 4 (build 422) Tool: armlink [4d35d2]

==============================================================================

Section Cross References

    main.o(i.loopError) refers to uart0.o(i.UART0_OutString) for UART0_OutString
    main.o(i.loopError) refers to uart0.o(i.UART0_OutUDec) for UART0_OutUDec
    main.o(i.main) refers to pll.o(i.PLL_Init) for PLL_Init
    main.o(i.main) refers to main.o(i.PortF_Init) for PortF_Init
    main.o(i.main) refers to uart0.o(i.UART0_Init) for UART0_Init
    main.o(i.main) refers to uart1.o(i.UART1_Init) for UART1_Init
    main.o(i.main) refers to ds1307.o(i.DS1307_Init) for DS1307_Init
    main.o(i.main) refers to lcd1602_i2c.o(i.LCD1602_Init) for LCD1602_Init
    main.o(i.main) refers to uart0.o(i.UART0_OutString) for UART0_OutString
    main.o(i.main) refers to ds1307.o(i.DS1307_SetTime) for DS1307_SetTime
    main.o(i.main) refers to main.o(i.loopError) for loopError
    main.o(i.main) refers to ff.o(i.f_mount) for f_mount
    main.o(i.main) refers to lcd1602_i2c.o(i.LCD1602_SetString) for LCD1602_SetString
    main.o(i.main) refers to queue.o(i.xQueueGenericCreate) for xQueueGenericCreate
    main.o(i.main) refers to tasks.o(i.xTaskCreate) for xTaskCreate
    main.o(i.main) refers to tasks.o(i.vTaskStartScheduler) for vTaskStartScheduler
    main.o(i.main) refers to main.o(.constdata) for .constdata
    main.o(i.main) refers to main.o(.bss) for DiskVolume0
    main.o(i.main) refers to mytasks.o(.data) for xSDCtoLCD1_BiSem
    main.o(i.main) refers to mytasks.o(i.vRTC_Print) for vRTC_Print
    main.o(i.main) refers to mytasks.o(i.vCard_Read) for vCard_Read
    main.o(i.main) refers to mytasks.o(i.vProcess_Door_Succeed) for vProcess_Door_Succeed
    main.o(i.main) refers to mytasks.o(i.vProcess_Door_Fail) for vProcess_Door_Fail
    mytasks.o(i.vCard_Read) refers to tasks.o(i.xTaskGetTickCount) for xTaskGetTickCount
    mytasks.o(i.vCard_Read) refers to rdm6300.o(i.Read_Tag) for Read_Tag
    mytasks.o(i.vCard_Read) refers to rdm6300.o(i.Analyze_Tag) for Analyze_Tag
    mytasks.o(i.vCard_Read) refers to uart0.o(i.UART0_OutString) for UART0_OutString
    mytasks.o(i.vCard_Read) refers to queue.o(i.xQueueGenericSend) for xQueueGenericSend
    mytasks.o(i.vCard_Read) refers to ff.o(i.f_open) for f_open
    mytasks.o(i.vCard_Read) refers to ff.o(i.f_lseek) for f_lseek
    mytasks.o(i.vCard_Read) refers to ff.o(i.f_puts) for f_puts
    mytasks.o(i.vCard_Read) refers to uart0.o(i.UART0_OutUDec) for UART0_OutUDec
    mytasks.o(i.vCard_Read) refers to ff.o(i.f_printf) for f_printf
    mytasks.o(i.vCard_Read) refers to ff.o(i.f_close) for f_close
    mytasks.o(i.vCard_Read) refers to tasks.o(i.vTaskDelayUntil) for vTaskDelayUntil
    mytasks.o(i.vCard_Read) refers to mytasks.o(.bss) for myTag
    mytasks.o(i.vCard_Read) refers to mytasks.o(.data) for xSDCtoLCD1_BiSem
    mytasks.o(i.vCard_Read) refers to main.o(.bss) for presentValue
    mytasks.o(i.vProcess_Door_Fail) refers to queue.o(i.xQueueGenericReceive) for xQueueGenericReceive
    mytasks.o(i.vProcess_Door_Fail) refers to lcd1602_i2c.o(i.LCD1602_Clear) for LCD1602_Clear
    mytasks.o(i.vProcess_Door_Fail) refers to lcd1602_i2c.o(i.LCD1602_Goto) for LCD1602_Goto
    mytasks.o(i.vProcess_Door_Fail) refers to lcd1602_i2c.o(i.LCD1602_SetString) for LCD1602_SetString
    mytasks.o(i.vProcess_Door_Fail) refers to tasks.o(i.vTaskDelay) for vTaskDelay
    mytasks.o(i.vProcess_Door_Fail) refers to mytasks.o(.data) for xSDCtoLCD2_BiSem
    mytasks.o(i.vProcess_Door_Succeed) refers to queue.o(i.xQueueGenericReceive) for xQueueGenericReceive
    mytasks.o(i.vProcess_Door_Succeed) refers to lcd1602_i2c.o(i.LCD1602_Clear) for LCD1602_Clear
    mytasks.o(i.vProcess_Door_Succeed) refers to lcd1602_i2c.o(i.LCD1602_Goto) for LCD1602_Goto
    mytasks.o(i.vProcess_Door_Succeed) refers to lcd1602_i2c.o(i.LCD1602_SetString) for LCD1602_SetString
    mytasks.o(i.vProcess_Door_Succeed) refers to tasks.o(i.vTaskDelay) for vTaskDelay
    mytasks.o(i.vProcess_Door_Succeed) refers to mytasks.o(.data) for xSDCtoLCD1_BiSem
    mytasks.o(i.vRTC_Print) refers to tasks.o(i.xTaskGetTickCount) for xTaskGetTickCount
    mytasks.o(i.vRTC_Print) refers to ds1307.o(i.DS1307_GetTime) for DS1307_GetTime
    mytasks.o(i.vRTC_Print) refers to uart0.o(i.UART0_OutString) for UART0_OutString
    mytasks.o(i.vRTC_Print) refers to uart0.o(i.UART0_OutUDec) for UART0_OutUDec
    mytasks.o(i.vRTC_Print) refers to tasks.o(i.vTaskDelay) for vTaskDelay
    mytasks.o(i.vRTC_Print) refers to main.o(.bss) for presentValue
    lcd1602_i2c.o(i.Cmd_Write) refers to i2c1.o(i.I2C1_Send1) for I2C1_Send1
    lcd1602_i2c.o(i.Data_Write) refers to i2c1.o(i.I2C1_Send1) for I2C1_Send1
    lcd1602_i2c.o(i.LCD1602_Clear) refers to lcd1602_i2c.o(i.Cmd_Write) for Cmd_Write
    lcd1602_i2c.o(i.LCD1602_Goto) refers to lcd1602_i2c.o(i.Cmd_Write) for Cmd_Write
[...]
    i.prvInsertBlockIntoFreeList             0x00003d24   Section        0  heap_4.o(i.prvInsertBlockIntoFreeList)
    prvInsertBlockIntoFreeList               0x00003d25   Thumb Code    96  heap_4.o(i.prvInsertBlockIntoFreeList)
    i.prvInsertTimerInActiveList             0x00003d8c   Section        0  timers.o(i.prvInsertTimerInActiveList)
    prvInsertTimerInActiveList               0x00003d8d   Thumb Code    80  timers.o(i.prvInsertTimerInActiveList)
    i.prvIsQueueEmpty                        0x00003de4   Section        0  queue.o(i.prvIsQueueEmpty)
    prvIsQueueEmpty                          0x00003de5   Thumb Code    26  queue.o(i.prvIsQueueEmpty)
    i.prvIsQueueFull                         0x00003dfe   Section        0  queue.o(i.prvIsQueueFull)
    prvIsQueueFull                           0x00003dff   Thumb Code    30  queue.o(i.prvIsQueueFull)
    i.prvProcessExpiredTimer                 0x00003e1c   Section        0  timers.o(i.prvProcessExpiredTimer)
    prvProcessExpiredTimer                   0x00003e1d   Thumb Code    70  timers.o(i.prvProcessExpiredTimer)
    i.prvProcessReceivedCommands             0x00003e68   Section        0  timers.o(i.prvProcessReceivedCommands)
    prvProcessReceivedCommands               0x00003e69   Thumb Code   208  timers.o(i.prvProcessReceivedCommands)
    i.prvProcessTimerOrBlockTask             0x00003f3c   Section        0  timers.o(i.prvProcessTimerOrBlockTask)
    prvProcessTimerOrBlockTask               0x00003f3d   Thumb Code   102  timers.o(i.prvProcessTimerOrBlockTask)
    i.prvResetNextTaskUnblockTime            0x00003fb0   Section        0  tasks.o(i.prvResetNextTaskUnblockTime)
    prvResetNextTaskUnblockTime              0x00003fb1   Thumb Code    42  tasks.o(i.prvResetNextTaskUnblockTime)
    i.prvSampleTimeNow                       0x00003fe4   Section        0  timers.o(i.prvSampleTimeNow)
    prvSampleTimeNow                         0x00003fe5   Thumb Code    40  timers.o(i.prvSampleTimeNow)
    i.prvSwitchTimerLists                    0x00004010   Section        0  timers.o(i.prvSwitchTimerLists)
    prvSwitchTimerLists                      0x00004011   Thumb Code   122  timers.o(i.prvSwitchTimerLists)
    i.prvTaskExitError                       0x00004094   Section        0  port.o(i.prvTaskExitError)
    prvTaskExitError                         0x00004095   Thumb Code    22  port.o(i.prvTaskExitError)
    i.prvTimerTask                           0x000040aa   Section        0  timers.o(i.prvTimerTask)
    prvTimerTask                             0x000040ab   Thumb Code    26  timers.o(i.prvTimerTask)
    i.prvUnlockQueue                         0x000040c4   Section        0  queue.o(i.prvUnlockQueue)
    prvUnlockQueue                           0x000040c5   Thumb Code   126  queue.o(i.prvUnlockQueue)
    i.put_fat                                0x00004142   Section        0  ff.o(i.put_fat)
    put_fat                                  0x00004143   Thumb Code   312  ff.o(i.put_fat)
    i.putc_bfd                               0x0000427a   Section        0  ff.o(i.putc_bfd)
    putc_bfd                                 0x0000427b   Thumb Code    68  ff.o(i.putc_bfd)
    i.putc_flush                             0x000042be   Section        0  ff.o(i.putc_flush)
    putc_flush                               0x000042bf   Thumb Code    44  ff.o(i.putc_flush)
    i.putc_init                              0x000042ea   Section        0  ff.o(i.putc_init)
    putc_init                                0x000042eb   Thumb Code    10  ff.o(i.putc_init)
    i.pvPortMalloc                           0x000042f4   Section        0  heap_4.o(i.pvPortMalloc)
    i.pvTaskIncrementMutexHeldCount          0x000043c4   Section        0  tasks.o(i.pvTaskIncrementMutexHeldCount)
    i.pxPortInitialiseStack                  0x000043e4   Section        0  port.o(i.pxPortInitialiseStack)
    i.rcvr_datablock                         0x00004410   Section        0  diskio.o(i.rcvr_datablock)
    rcvr_datablock                           0x00004411   Thumb Code    82  diskio.o(i.rcvr_datablock)
    i.rcvr_spi_m                             0x00004468   Section        0  ssi0.o(i.rcvr_spi_m)
    i.remove_chain                           0x00004476   Section        0  ff.o(i.remove_chain)
    remove_chain                             0x00004477   Thumb Code   154  ff.o(i.remove_chain)
    i.send_cmd                               0x00004510   Section        0  diskio.o(i.send_cmd)
    send_cmd                                 0x00004511   Thumb Code   116  diskio.o(i.send_cmd)
    i.set_max_speed                          0x00004584   Section        0  ssi0.o(i.set_max_speed)
    i.st_clust                               0x000045ac   Section        0  ff.o(i.st_clust)
    st_clust                                 0x000045ad   Thumb Code    36  ff.o(i.st_clust)
    i.st_dword                               0x000045d0   Section        0  ff.o(i.st_dword)
    st_dword                                 0x000045d1   Thumb Code    24  ff.o(i.st_dword)
    i.st_word                                0x000045e8   Section        0  ff.o(i.st_word)
    st_word                                  0x000045e9   Thumb Code    12  ff.o(i.st_word)
    i.sync_fs                                0x000045f4   Section        0  ff.o(i.sync_fs)
    sync_fs                                  0x000045f5   Thumb Code   134  ff.o(i.sync_fs)
    i.sync_window                            0x00004684   Section        0  ff.o(i.sync_window)
    sync_window                              0x00004685   Thumb Code    74  ff.o(i.sync_window)
    i.unlock_fs                              0x000046ce   Section        0  ff.o(i.unlock_fs)
    unlock_fs                                0x000046cf   Thumb Code    28  ff.o(i.unlock_fs)
    i.uxListRemove                           0x000046ea   Section        0  list.o(i.uxListRemove)
    i.vApplicationGetIdleTaskMemory          0x00004714   Section        0  cmsis_os2.o(i.vApplicationGetIdleTaskMemory)
    i.vApplicationGetTimerTaskMemory         0x0000472c   Section        0  cmsis_os2.o(i.vApplicationGetTimerTaskMemory)
    i.vApplicationStackOverflowHook          0x00004744   Section        0  cmsis_os2.o(i.vApplicationStackOverflowHook)
    i.vCard_Read                             0x00004748   Section        0  mytasks.o(i.vCard_Read)
    i.vListInitialise                        0x000049f4   Section        0  list.o(i.vListInitialise)
    i.vListInitialiseItem                    0x00004a0e   Section        0  list.o(i.vListInitialiseItem)
    i.vListInsert                            0x00004a14   Section        0  list.o(i.vListInsert)
    i.vListInsertEnd                         0x00004a48   Section        0  list.o(i.vListInsertEnd)
    i.vPortEnterCritical                     0x00004a60   Section        0  port.o(i.vPortEnterCritical)
    i.vPortExitCritical                      0x00004a84   Section        0  port.o(i.vPortExitCritical)
    i.vPortFree                              0x00004aa4   Section        0  heap_4.o(i.vPortFree)
    i.vPortSetupTimerInterrupt               0x00004aec   Section        0  port.o(i.vPortSetupTimerInterrupt)
    i.vProcess_Door_Fail                     0x00004b08   Section        0  mytasks.o(i.vProcess_Door_Fail)
    i.vProcess_Door_Succeed                  0x00004b98   Section        0  mytasks.o(i.vProcess_Door_Succeed)
    i.vQueueDelete                           0x00004c28   Section        0  queue.o(i.vQueueDelete)
    i.vQueueWaitForMessageRestricted         0x00004c3c   Section        0  queue.o(i.vQueueWaitForMessageRestricted)
    i.vRTC_Print                             0x00004c88   Section        0  mytasks.o(i.vRTC_Print)
    i.vTaskDelay                             0x00004d74   Section        0  tasks.o(i.vTaskDelay)
    i.vTaskDelayUntil                        0x00004da8   Section        0  tasks.o(i.vTaskDelayUntil)
    i.vTaskMissedYield                       0x00004e1c   Section        0  tasks.o(i.vTaskMissedYield)
    i.vTaskPlaceOnEventList                  0x00004e28   Section        0  tasks.o(i.vTaskPlaceOnEventList)
    i.vTaskPlaceOnEventListRestricted        0x00004e48   Section        0  tasks.o(i.vTaskPlaceOnEventListRestricted)
    i.vTaskPriorityInherit                   0x00004e70   Section        0  tasks.o(i.vTaskPriorityInherit)
    i.vTaskSetTimeOutState                   0x00004efc   Section        0  tasks.o(i.vTaskSetTimeOutState)
    i.vTaskStartScheduler                    0x00004f14   Section        0  tasks.o(i.vTaskStartScheduler)
    i.vTaskSuspendAll                        0x00004fa8   Section        0  tasks.o(i.vTaskSuspendAll)
    i.vTaskSwitchContext                     0x00004fb8   Section        0  tasks.o(i.vTaskSwitchContext)
    i.validate                               0x00005068   Section        0  ff.o(i.validate)
    validate                                 0x00005069   Thumb Code    82  ff.o(i.validate)
    i.wait_ready                             0x000050bc   Section        0  diskio.o(i.wait_ready)
    wait_ready                               0x000050bd   Thumb Code    40  diskio.o(i.wait_ready)
    i.xPortStartScheduler                    0x000050e8   Section        0  port.o(i.xPortStartScheduler)
    i.xPortSysTickHandler                    0x00005130   Section        0  port.o(i.xPortSysTickHandler)
    i.xQueueCreateMutex                      0x00005164   Section        0  queue.o(i.xQueueCreateMutex)
    i.xQueueCreateMutexStatic                0x00005186   Section        0  queue.o(i.xQueueCreateMutexStatic)
    i.xQueueGenericCreate                    0x000051b0   Section        0  queue.o(i.xQueueGenericCreate)
    i.xQueueGenericCreateStatic              0x000051ee   Section        0  queue.o(i.xQueueGenericCreateStatic)
    i.xQueueGenericReceive                   0x0000521c   Section        0  queue.o(i.xQueueGenericReceive)
    i.xQueueGenericReset                     0x00005378   Section        0  queue.o(i.xQueueGenericReset)
    i.xQueueGenericSend                      0x000053f8   Section        0  queue.o(i.xQueueGenericSend)
    i.xQueueGenericSendFromISR               0x00005510   Section        0  queue.o(i.xQueueGenericSendFromISR)
    i.xQueueGiveMutexRecursive               0x00005596   Section        0  queue.o(i.xQueueGiveMutexRecursive)
    i.xQueueTakeMutexRecursive               0x000055c6   Section        0  queue.o(i.xQueueTakeMutexRecursive)
    i.xTaskCheckForTimeOut                   0x00005600   Section        0  tasks.o(i.xTaskCheckForTimeOut)
    i.xTaskCreate                            0x0000565c   Section        0  tasks.o(i.xTaskCreate)
    i.xTaskCreateStatic                      0x000056c0   Section        0  tasks.o(i.xTaskCreateStatic)
    i.xTaskGetCurrentTaskHandle              0x00005710   Section        0  tasks.o(i.xTaskGetCurrentTaskHandle)
    i.xTaskGetSchedulerState                 0x0000571c   Section        0  tasks.o(i.xTaskGetSchedulerState)
    i.xTaskGetTickCount                      0x0000573c   Section        0  tasks.o(i.xTaskGetTickCount)
    i.xTaskIncrementTick                     0x00005748   Section        0  tasks.o(i.xTaskIncrementTick)
    i.xTaskPriorityDisinherit                0x00005860   Section        0  tasks.o(i.xTaskPriorityDisinherit)
    i.xTaskRemoveFromEventList               0x000058c0   Section        0  tasks.o(i.xTaskRemoveFromEventList)
    i.xTaskResumeAll                         0x00005940   Section        0  tasks.o(i.xTaskResumeAll)
    i.xTimerCreateTimerTask                  0x00005a28   Section        0  timers.o(i.xTimerCreateTimerTask)
    i.xTimerGenericCommand                   0x00005a88   Section        0  timers.o(i.xTimerGenericCommand)
    i.xchg_spi                               0x00005af4   Section        0  ssi0.o(i.xchg_spi)
    i.xmit_datablock                         0x00005b24   Section        0  diskio.o(i.xmit_datablock)
    xmit_datablock                           0x00005b25   Thumb Code    96  diskio.o(i.xmit_datablock)
    x$fpl$fpinit                             0x00005b84   Section       10  fpinit.o(x$fpl$fpinit)
    $v0                                      0x00005b84   Number         0  fpinit.o(x$fpl$fpinit)
    .constdata                               0x00005b90   Section        9  main.o(.constdata)
    .constdata                               0x00005b9c   Section       16  rdm6300.o(.constdata)
    .constdata                               0x00005bac   Section      128  ff.o(.constdata)
    ExCvt                                    0x00005bac   Data         128  ff.o(.constdata)
    .data                                    0x20000000   Section       12  mytasks.o(.data)
    currentFilePtr                           0x20000008   Data           4  mytasks.o(.data)
    .data                                    0x2000000c   Section       16  uart0.o(.data)
    .data                                    0x2000001c   Section       16  uart1.o(.data)
    .data                                    0x2000002c   Section        4  diskio.o(.data)
    Stat                                     0x2000002c   Data           1  diskio.o(.data)
    Timer1                                   0x2000002d   Data           1  diskio.o(.data)
    Timer2                                   0x2000002e   Data           1  diskio.o(.data)
    CardType                                 0x2000002f   Data           1  diskio.o(.data)
    .data                                    0x20000030   Section        6  ff.o(.data)
    FatFs                                    0x20000030   Data           4  ff.o(.data)
    Fsid                                     0x20000034   Data           2  ff.o(.data)
    .data                                    0x20000036   Section        1  clib_arm.o(.data)
    os_kernel_active                         0x20000036   Data           1  clib_arm.o(.data)
    .data                                    0x20000038   Section        4  cmsis_os2.o(.data)
    KernelState                              0x20000038   Data           4  cmsis_os2.o(.data)
    .data                                    0x2000003c   Section        4  system_tm4c123.o(.data)
    .data                                    0x20000040   Section       24  heap_4.o(.data)
    xStart                                   0x20000040   Data           8  heap_4.o(.data)
    pxEnd                                    0x20000048   Data           4  heap_4.o(.data)
    xFreeBytesRemaining                      0x2000004c   Data           4  heap_4.o(.data)
    xMinimumEverFreeBytesRemaining           0x20000050   Data           4  heap_4.o(.data)
    xBlockAllocatedBit                       0x20000054   Data           4  heap_4.o(.data)
    .data                                    0x20000058   Section        4  port.o(.data)
    uxCriticalNesting                        0x20000058   Data           4  port.o(.data)
    .data                                    0x2000005c   Section       60  tasks.o(.data)
    pxDelayedTaskList                        0x20000060   Data           4  tasks.o(.data)
    pxOverflowDelayedTaskList                0x20000064   Data           4  tasks.o(.data)
    uxDeletedTasksWaitingCleanUp             0x20000068   Data           4  tasks.o(.data)
    uxCurrentNumberOfTasks                   0x2000006c   Data           4  tasks.o(.data)
    xTickCount                               0x20000070   Data           4  tasks.o(.data)
    uxTopReadyPriority                       0x20000074   Data           4  tasks.o(.data)
    xSchedulerRunning                        0x20000078   Data           4  tasks.o(.data)
    uxPendedTicks                            0x2000007c   Data           4  tasks.o(.data)
    xYieldPending                            0x20000080   Data           4  tasks.o(.data)
    xNumOfOverflows                          0x20000084   Data           4  tasks.o(.data)
    uxTaskNumber                             0x20000088   Data           4  tasks.o(.data)
    xNextTaskUnblockTime                     0x2000008c   Data           4  tasks.o(.data)
    xIdleTaskHandle                          0x20000090   Data           4  tasks.o(.data)
    uxSchedulerSuspended                     0x20000094   Data           4  tasks.o(.data)
    .data                                    0x20000098   Section       20  timers.o(.data)
    pxCurrentTimerList                       0x20000098   Data           4  timers.o(.data)
    pxOverflowTimerList                      0x2000009c   Data           4  timers.o(.data)
    xTimerQueue                              0x200000a0   Data           4  timers.o(.data)
    xTimerTaskHandle                         0x200000a4   Data           4  timers.o(.data)
    xLastTime                                0x200000a8   Data           4  timers.o(.data)
    .bss                                     0x200000ac   Section      584  main.o(.bss)
    .bss                                     0x200002f4   Section      570  mytasks.o(.bss)
    .bss                                     0x2000052e   Section       32  uart0.o(.bss)
    Rx0Fifo                                  0x2000052e   Data          16  uart0.o(.bss)
    Tx0Fifo                                  0x2000053e   Data          16  uart0.o(.bss)
    .bss                                     0x2000054e   Section       32  uart1.o(.bss)
    Rx1Fifo                                  0x2000054e   Data          16  uart1.o(.bss)
    Tx1Fifo                                  0x2000055e   Data          16  uart1.o(.bss)
    .bss                                     0x20000570   Section       16  ff.o(.bss)
    Files                                    0x20000570   Data          16  ff.o(.bss)
    .bss                                     0x20000580   Section     1016  cmsis_os2.o(.bss)
    Idle_TCB                                 0x20000580   Data          92  cmsis_os2.o(.bss)
    Idle_Stack                               0x200005dc   Data         512  cmsis_os2.o(.bss)
    Timer_TCB                                0x200007dc   Data          92  cmsis_os2.o(.bss)
    Timer_Stack                              0x20000838   Data         320  cmsis_os2.o(.bss)
    .bss                                     0x20000978   Section     8192  heap_4.o(.bss)
    ucHeap                                   0x20000978   Data        8192  heap_4.o(.bss)
    .bss                                     0x20002978   Section     1220  tasks.o(.bss)
    pxReadyTasksLists                        0x20002978   Data        1120  tasks.o(.bss)
    xDelayedTaskList1                        0x20002dd8   Data          20  tasks.o(.bss)
    xDelayedTaskList2                        0x20002dec   Data          20  tasks.o(.bss)
    xPendingReadyList                        0x20002e00   Data          20  tasks.o(.bss)
    xTasksWaitingTermination                 0x20002e14   Data          20  tasks.o(.bss)
    xSuspendedTaskList                       0x20002e28   Data          20  tasks.o(.bss)
    .bss                                     0x20002e3c   Section      200  timers.o(.bss)
    xActiveTimerList1                        0x20002e3c   Data          20  timers.o(.bss)
    xActiveTimerList2                        0x20002e50   Data          20  timers.o(.bss)
    xStaticTimerQueue                        0x20002e64   Data          80  timers.o(.bss)
    ucStaticTimerQueueStorage                0x20002eb4   Data          80  timers.o(.bss)
    .bss                                     0x20002f04   Section       96  libspace.o(.bss)
    HEAP                                     0x20002f68   Section        0  startup_tm4c123.o(HEAP)
    STACK                                    0x20002f68   Section      512  startup_tm4c123.o(STACK)
    Heap_Mem                                 0x20002f68   Data           0  startup_tm4c123.o(HEAP)
    Stack_Mem                                0x20002f68   Data         512  startup_tm4c123.o(STACK)
    __initial_sp                             0x20003168   Data           0  startup_tm4c123.o(STACK)

    Global Symbols

    Symbol Name                              Value     Ov Type        Size  Object(Section)

    BuildAttributes$$THM_ISAv4$E$P$D$K$B$S$7EM$VFPi3$EXTD16$VFPS$VFMA$PE$A:L22UL41UL21$X:L11$S22US41US21$IEEE1$IW$USESV6$~STKCKD$USESV7$~SHL$OSPACE$ROPI$EBA8$UX$STANDARDLIB$REQ8$PRES8$EABIv2 0x00000000   Number         0  anon$$obj.o ABSOLUTE
    __ARM_use_no_argv                        0x00000000   Number         0  main.o ABSOLUTE
    __Vectors                                0x00000000   Data           4  startup_tm4c123.o(RESET)
    __ARM_exceptions_init                     - Undefined Weak Reference
    __alloca_initialize                       - Undefined Weak Reference
    __arm_preinit_                            - Undefined Weak Reference
    __cpp_initialize__aeabi_                  - Undefined Weak Reference
    __cxa_finalize                            - Undefined Weak Reference
    __rt_locale                               - Undefined Weak Reference
    __sigvec_lookup                           - Undefined Weak Reference
    _atexit_init                              - Undefined Weak Reference
    _call_atexit_fns                          - Undefined Weak Reference
    _clock_init                               - Undefined Weak Reference
    _fp_trap_init                             - Undefined Weak Reference
    _fp_trap_shutdown                         - Undefined Weak Reference
    _get_lc_collate                           - Undefined Weak Reference
    _get_lc_ctype                             - Undefined Weak Reference
    _get_lc_monetary                          - Undefined Weak Reference
    _get_lc_numeric                           - Undefined Weak Reference
    _get_lc_time                              - Undefined Weak Reference
    _getenv_init                              - Undefined Weak Reference
    _handle_redirection                       - Undefined Weak Reference
    _init_alloc                               - Undefined Weak Reference
    _init_user_alloc                          - Undefined Weak Reference
    _initio                                   - Undefined Weak Reference
    _rand_init                                - Undefined Weak Reference
    _signal_finish                            - Undefined Weak Reference
    _signal_init                              - Undefined Weak Reference
    _terminate_alloc                          - Undefined Weak Reference
    _terminate_user_alloc                     - Undefined Weak Reference
    _terminateio                              - Undefined Weak Reference
    __Vectors_End                            0x0000026c   Data           0  startup_tm4c123.o(RESET)
    __Vectors_Size                           0x0000026c   Number         0  startup_tm4c123.o ABSOLUTE
    __main                                   0x0000026d   Thumb Code     8  __main.o(!!!main)
    __scatterload                            0x00000275   Thumb Code     0  __scatter.o(!!!scatter)
    __scatterload_rt2                        0x00000275   Thumb Code    44  __scatter.o(!!!scatter)
    __scatterload_rt2_thumb_only             0x00000275   Thumb Code     0  __scatter.o(!!!scatter)
    __scatterload_null                       0x00000283   Thumb Code     0  __scatter.o(!!!scatter)
    __scatterload_copy                       0x000002a9   Thumb Code    26  __scatter_copy.o(!!handler_copy)
    __scatterload_zeroinit                   0x000002c5   Thumb Code    28  __scatter_zi.o(!!handler_zi)
    __rt_lib_init                            0x000002e1   Thumb Code     0  libinit.o(.ARM.Collect$$libinit$$00000000)
    __rt_lib_init_fp_1                       0x000002e3   Thumb Code     0  libinit2.o(.ARM.Collect$$libinit$$00000001)
    __rt_lib_init_alloca_1                   0x000002e7   Thumb Code     0  libinit2.o(.ARM.Collect$$libinit$$0000002E)
    __rt_lib_init_argv_1                     0x000002e7   Thumb Code     0  libinit2.o(.ARM.Collect$$libinit$$0000002C)
    __rt_lib_init_atexit_1                   0x000002e7   Thumb Code     0  libinit2.o(.ARM.Collect$$libinit$$0000001B)
    __rt_lib_init_clock_1                    0x000002e7   Thumb Code     0  libinit2.o(.ARM.Collect$$libinit$$00000021)
    __rt_lib_init_cpp_1                      0x000002e7   Thumb Code     0  libinit2.o(.ARM.Collect$$libinit$$00000032)
    __rt_lib_init_exceptions_1               0x000002e7   Thumb Code     0  libinit2.o(.ARM.Collect$$libinit$$00000030)
    __rt_lib_init_fp_trap_1                  0x000002e7   Thumb Code     0  libinit2.o(.ARM.Collect$$libinit$$0000001F)
    __rt_lib_init_getenv_1                   0x000002e7   Thumb Code     0  libinit2.o(.ARM.Collect$$libinit$$00000023)
    __rt_lib_init_heap_1                     0x000002e7   Thumb Code     0  libinit2.o(.ARM.Collect$$libinit$$0000000A)
    __rt_lib_init_lc_collate_1               0x000002e7   Thumb Code     0  libinit2.o(.ARM.Collect$$libinit$$00000011)
    __rt_lib_init_lc_ctype_1                 0x000002e7   Thumb Code     0  libinit2.o(.ARM.Collect$$libinit$$00000013)
    __rt_lib_init_lc_monetary_1              0x000002e7   Thumb Code     0  libinit2.o(.ARM.Collect$$libinit$$00000015)
    __rt_lib_init_lc_numeric_1               0x000002e7   Thumb Code     0  libinit2.o(.ARM.Collect$$libinit$$00000017)
    __rt_lib_init_lc_time_1                  0x000002e7   Thumb Code     0  libinit2.o(.ARM.Collect$$libinit$$00000019)
    __rt_lib_init_preinit_1                  0x000002e7   Thumb Code     0  libinit2.o(.ARM.Collect$$libinit$$00000004)
    __rt_lib_init_rand_1                     0x000002e7   Thumb Code     0  libinit2.o(.ARM.Collect$$libinit$$0000000E)
    __rt_lib_init_return                     0x000002e7   Thumb Code     0  libinit2.o(.ARM.Collect$$libinit$$00000033)
    __rt_lib_init_signal_1                   0x000002e7   Thumb Code     0  libinit2.o(.ARM.Collect$$libinit$$0000001D)
    __rt_lib_init_stdio_1                    0x000002e7   Thumb Code     0  libinit2.o(.ARM.Collect$$libinit$$00000025)
    __rt_lib_init_user_alloc_1               0x000002e7   Thumb Code     0  libinit2.o(.ARM.Collect$$libinit$$0000000C)
    __rt_lib_shutdown                        0x000002e9   Thumb Code     0  libshutdown.o(.ARM.Collect$$libshutdown$$00000000)
    __rt_lib_shutdown_cpp_1                  0x000002eb   Thumb Code     0  libshutdown2.o(.ARM.Collect$$libshutdown$$00000002)
    __rt_lib_shutdown_fp_trap_1              0x000002eb   Thumb Code     0  libshutdown2.o(.ARM.Collect$$libshutdown$$00000007)
    __rt_lib_shutdown_heap_1                 0x000002eb   Thumb Code     0  libshutdown2.o(.ARM.Collect$$libshutdown$$0000000F)
    __rt_lib_shutdown_return                 0x000002eb   Thumb Code     0  libshutdown2.o(.ARM.Collect$$libshutdown$$00000010)
    __rt_lib_shutdown_signal_1               0x000002eb   Thumb Code     0  libshutdown2.o(.ARM.Collect$$libshutdown$$0000000A)
    __rt_lib_shutdown_stdio_1                0x000002eb   Thumb Code     0  libshutdown2.o(.ARM.Collect$$libshutdown$$00000004)
    __rt_lib_shutdown_user_alloc_1           0x000002eb   Thumb Code     0  libshutdown2.o(.ARM.Collect$$libshutdown$$0000000C)
    __rt_entry                               0x000002ed   Thumb Code     0  __rtentry.o(.ARM.Collect$$rtentry$$00000000)
    __rt_entry_presh_1                       0x000002ed   Thumb Code     0  __rtentry2.o(.ARM.Collect$$rtentry$$00000002)
    __rt_entry_sh                            0x000002ed   Thumb Code     0  __rtentry4.o(.ARM.Collect$$rtentry$$00000004)
    __rt_entry_postsh_1                      0x000002f3   Thumb Code     0  __rtentry2.o(.ARM.Collect$$rtentry$$00000008)
    __rt_entry_li                            0x000002fb   Thumb Code     0  __rtentry2.o(.ARM.Collect$$rtentry$$0000000A)
    __rt_entry_main                          0x000002ff   Thumb Code     0  __rtentry2.o(.ARM.Collect$$rtentry$$0000000D)
    __rt_entry_postli_1                      0x000002ff   Thumb Code     0  __rtentry2.o(.ARM.Collect$$rtentry$$0000000C)
    __rt_exit                                0x00000307   Thumb Code     0  rtexit.o(.ARM.Collect$$rtexit$$00000000)
    __rt_exit_ls                             0x00000309   Thumb Code     0  rtexit2.o(.ARM.Collect$$rtexit$$00000003)
    __rt_exit_prels_1                        0x00000309   Thumb Code     0  rtexit2.o(.ARM.Collect$$rtexit$$00000002)
    __rt_exit_exit                           0x0000030d   Thumb Code     0  rtexit2.o(.ARM.Collect$$rtexit$$00000004)
    SVC_Handler                              0x00000315   Thumb Code    28  port.o(.emb_text)
    __asm___6_port_c_39a90d8d__prvStartFirstTask 0x00000335   Thumb Code    28  port.o(.emb_text)
    __asm___6_port_c_39a90d8d__prvEnableVFP  0x00000355   Thumb Code    16  port.o(.emb_text)
    PendSV_Handler                           0x00000369   Thumb Code    88  port.o(.emb_text)
    vPortGetIPSR                             0x000003c5   Thumb Code     6  port.o(.emb_text)
    Reset_Handler                            0x000003cd   Thumb Code     8  startup_tm4c123.o(.text)
    NMI_Handler                              0x000003d5   Thumb Code     2  startup_tm4c123.o(.text)
    HardFault_Handler                        0x000003d7   Thumb Code     2  startup_tm4c123.o(.text)
    MemManage_Handler                        0x000003d9   Thumb Code     2  startup_tm4c123.o(.text)
    BusFault_Handler                         0x000003db   Thumb Code     2  startup_tm4c123.o(.text)
    UsageFault_Handler                       0x000003dd   Thumb Code     2  startup_tm4c123.o(.text)
    DebugMon_Handler                         0x000003e1   Thumb Code     2  startup_tm4c123.o(.text)
    GPIOA_Handler                            0x000003e7   Thumb Code     2  startup_tm4c123.o(.text)
    GPIOB_Handler                            0x000003e9   Thumb Code     2  startup_tm4c123.o(.text)
    GPIOC_Handler                            0x000003eb   Thumb Code     2  startup_tm4c123.o(.text)
    GPIOD_Handler                            0x000003ed   Thumb Code     2  startup_tm4c123.o(.text)
    GPIOE_Handler                            0x000003ef   Thumb Code     2  startup_tm4c123.o(.text)
    SSI0_Handler                             0x000003f5   Thumb Code     2  startup_tm4c123.o(.text)
    I2C0_Handler                             0x000003f7   Thumb Code     2  startup_tm4c123.o(.text)
    PMW0_FAULT_Handler                       0x000003f9   Thumb Code     2  startup_tm4c123.o(.text)
    PWM0_0_Handler                           0x000003fb   Thumb Code     2  startup_tm4c123.o(.text)
    PWM0_1_Handler                           0x000003fd   Thumb Code     2  startup_tm4c123.o(.text)
    PWM0_2_Handler                           0x000003ff   Thumb Code     2  startup_tm4c123.o(.text)
    QEI0_Handler                             0x00000401   Thumb Code     2  startup_tm4c123.o(.text)
    ADC0SS0_Handler                          0x00000403   Thumb Code     2  startup_tm4c123.o(.text)
    ADC0SS1_Handler                          0x00000405   Thumb Code     2  startup_tm4c123.o(.text)
    ADC0SS2_Handler                          0x00000407   Thumb Code     2  startup_tm4c123.o(.text)
    ADC0SS3_Handler                          0x00000409   Thumb Code     2  startup_tm4c123.o(.text)
    WDT0_Handler                             0x0000040b   Thumb Code     2  startup_tm4c123.o(.text)
    TIMER0A_Handler                          0x0000040d   Thumb Code     2  startup_tm4c123.o(.text)
    TIMER0B_Handler                          0x0000040f   Thumb Code     2  startup_tm4c123.o(.text)
    TIMER1A_Handler                          0x00000411   Thumb Code     2  startup_tm4c123.o(.text)
    TIMER1B_Handler                          0x00000413   Thumb Code     2  startup_tm4c123.o(.text)
    TIMER2A_Handler                          0x00000415   Thumb Code     2  startup_tm4c123.o(.text)
    TIMER2B_Handler                          0x00000417   Thumb Code     2  startup_tm4c123.o(.text)
    COMP0_Handler                            0x00000419   Thumb Code     2  startup_tm4c123.o(.text)
    COMP1_Handler                            0x0000041b   Thumb Code     2  startup_tm4c123.o(.text)
    COMP2_Handler                            0x0000041d   Thumb Code     2  startup_tm4c123.o(.text)
    SYSCTL_Handler                           0x0000041f   Thumb Code     2  startup_tm4c123.o(.text)
    FLASH_Handler                            0x00000421   Thumb Code     2  startup_tm4c123.o(.text)
    GPIOF_Handler                            0x00000423   Thumb Code     2  startup_tm4c123.o(.text)
    GPIOG_Handler                            0x00000425   Thumb Code     2  startup_tm4c123.o(.text)
    GPIOH_Handler                            0x00000427   Thumb Code     2  startup_tm4c123.o(.text)
    UART2_Handler                            0x00000429   Thumb Code     2  startup_tm4c123.o(.text)
    SSI1_Handler                             0x0000042b   Thumb Code     2  startup_tm4c123.o(.text)
    TIMER3A_Handler                          0x0000042d   Thumb Code     2  startup_tm4c123.o(.text)
    TIMER3B_Handler                          0x0000042f   Thumb Code     2  startup_tm4c123.o(.text)
    I2C1_Handler                             0x00000431   Thumb Code     2  startup_tm4c123.o(.text)
    QEI1_Handler                             0x00000433   Thumb Code     2  startup_tm4c123.o(.text)
    CAN0_Handler                             0x00000435   Thumb Code     2  startup_tm4c123.o(.text)
    CAN1_Handler                             0x00000437   Thumb Code     2  startup_tm4c123.o(.text)
    CAN2_Handler                             0x00000439   Thumb Code     2  startup_tm4c123.o(.text)
    HIB_Handler                              0x0000043b   Thumb Code     2  startup_tm4c123.o(.text)
    USB0_Handler                             0x0000043d   Thumb Code     2  startup_tm4c123.o(.text)
    PWM0_3_Handler                           0x0000043f   Thumb Code     2  startup_tm4c123.o(.text)
    UDMA_Handler                             0x00000441   Thumb Code     2  startup_tm4c123.o(.text)
    UDMAERR_Handler                          0x00000443   Thumb Code     2  startup_tm4c123.o(.text)
    ADC1SS0_Handler                          0x00000445   Thumb Code     2  startup_tm4c123.o(.text)
    ADC1SS1_Handler                          0x00000447   Thumb Code     2  startup_tm4c123.o(.text)
    ADC1SS2_Handler                          0x00000449   Thumb Code     2  startup_tm4c123.o(.text)
    ADC1SS3_Handler                          0x0000044b   Thumb Code     2  startup_tm4c123.o(.text)
    GPIOJ_Handler                            0x0000044d   Thumb Code     2  startup_tm4c123.o(.text)
    GPIOK_Handler                            0x0000044f   Thumb Code     2  startup_tm4c123.o(.text)
    GPIOL_Handler                            0x00000451   Thumb Code     2  startup_tm4c123.o(.text)
    SSI2_Handler                             0x00000453   Thumb Code     2  startup_tm4c123.o(.text)
    SSI3_Handler                             0x00000455   Thumb Code     2  startup_tm4c123.o(.text)
    UART3_Handler                            0x00000457   Thumb Code     2  startup_tm4c123.o(.text)
    UART4_Handler                            0x00000459   Thumb Code     2  startup_tm4c123.o(.text)
    UART5_Handler                            0x0000045b   Thumb Code     2  startup_tm4c123.o(.text)
    UART6_Handler                            0x0000045d   Thumb Code     2  startup_tm4c123.o(.text)
    UART7_Handler                            0x0000045f   Thumb Code     2  startup_tm4c123.o(.text)
    I2C2_Handler                             0x00000461   Thumb Code     2  startup_tm4c123.o(.text)
    I2C3_Handler                             0x00000463   Thumb Code     2  startup_tm4c123.o(.text)
    TIMER4A_Handler                          0x00000465   Thumb Code     2  startup_tm4c123.o(.text)
    TIMER4B_Handler                          0x00000467   Thumb Code     2  startup_tm4c123.o(.text)
    TIMER5A_Handler                          0x00000469   Thumb Code     2  startup_tm4c123.o(.text)
    TIMER5B_Handler                          0x0000046b   Thumb Code     2  startup_tm4c123.o(.text)
    WTIMER0A_Handler                         0x0000046d   Thumb Code     2  startup_tm4c123.o(.text)
    WTIMER0B_Handler                         0x0000046f   Thumb Code     2  startup_tm4c123.o(.text)
    WTIMER1A_Handler                         0x00000471   Thumb Code     2  startup_tm4c123.o(.text)
    WTIMER1B_Handler                         0x00000473   Thumb Code     2  startup_tm4c123.o(.text)
    WTIMER2A_Handler                         0x00000475   Thumb Code     2  startup_tm4c123.o(.text)
    WTIMER2B_Handler                         0x00000477   Thumb Code     2  startup_tm4c123.o(.text)
    WTIMER3A_Handler                         0x00000479   Thumb Code     2  startup_tm4c123.o(.text)
    WTIMER3B_Handler                         0x0000047b   Thumb Code     2  startup_tm4c123.o(.text)
    WTIMER4A_Handler                         0x0000047d   Thumb Code     2  startup_tm4c123.o(.text)
    WTIMER4B_Handler                         0x0000047f   Thumb Code     2  startup_tm4c123.o(.text)
    WTIMER5A_Handler                         0x00000481   Thumb Code     2  startup_tm4c123.o(.text)
    WTIMER5B_Handler                         0x00000483   Thumb Code     2  startup_tm4c123.o(.text)
    FPU_Handler                              0x00000485   Thumb Code     2  startup_tm4c123.o(.text)
    I2C4_Handler                             0x00000487   Thumb Code     2  startup_tm4c123.o(.text)
    I2C5_Handler                             0x00000489   Thumb Code     2  startup_tm4c123.o(.text)
    GPIOM_Handler                            0x0000048b   Thumb Code     2  startup_tm4c123.o(.text)
    GPION_Handler                            0x0000048d   Thumb Code     2  startup_tm4c123.o(.text)
    QEI2_Handler                             0x0000048f   Thumb Code     2  startup_tm4c123.o(.text)
    GPIOP0_Handler                           0x00000491   Thumb Code     2  startup_tm4c123.o(.text)
    GPIOP1_Handler                           0x00000493   Thumb Code     2  startup_tm4c123.o(.text)
    GPIOP2_Handler                           0x00000495   Thumb Code     2  startup_tm4c123.o(.text)
    GPIOP3_Handler                           0x00000497   Thumb Code     2  startup_tm4c123.o(.text)
    GPIOP4_Handler                           0x00000499   Thumb Code     2  startup_tm4c123.o(.text)
    GPIOP5_Handler                           0x0000049b   Thumb Code     2  startup_tm4c123.o(.text)
    GPIOP6_Handler                           0x0000049d   Thumb Code     2  startup_tm4c123.o(.text)
    GPIOP7_Handler                           0x0000049f   Thumb Code     2  startup_tm4c123.o(.text)
    GPIOQ0_Handler                           0x000004a1   Thumb Code     2  startup_tm4c123.o(.text)
    GPIOQ1_Handler                           0x000004a3   Thumb Code     2  startup_tm4c123.o(.text)
    GPIOQ2_Handler                           0x000004a5   Thumb Code     2  startup_tm4c123.o(.text)
    GPIOQ3_Handler                           0x000004a7   Thumb Code     2  startup_tm4c123.o(.text)
    GPIOQ4_Handler                           0x000004a9   Thumb Code     2  startup_tm4c123.o(.text)
    GPIOQ5_Handler                           0x000004ab   Thumb Code     2  startup_tm4c123.o(.text)
    GPIOQ6_Handler                           0x000004ad   Thumb Code     2  startup_tm4c123.o(.text)
    GPIOQ7_Handler                           0x000004af   Thumb Code     2  startup_tm4c123.o(.text)
    GPIOR_Handler                            0x000004b1   Thumb Code     2  startup_tm4c123.o(.text)
    GPIOS_Handler                            0x000004b3   Thumb Code     2  startup_tm4c123.o(.text)
    PMW1_0_Handler                           0x000004b5   Thumb Code     2  startup_tm4c123.o(.text)
    PWM1_1_Handler                           0x000004b7   Thumb Code     2  startup_tm4c123.o(.text)
    PWM1_2_Handler                           0x000004b9   Thumb Code     2  startup_tm4c123.o(.text)
    PWM1_3_Handler                           0x000004bb   Thumb Code     2  startup_tm4c123.o(.text)
    PWM1_FAULT_Handler                       0x000004bd   Thumb Code     2  startup_tm4c123.o(.text)
    __user_initial_stackheap                 0x000004c1   Thumb Code     0  startup_tm4c123.o(.text)
    __aeabi_memcpy                           0x000004e1   Thumb Code     0  rt_memcpy_v6.o(.text)
    __rt_memcpy                              0x000004e1   Thumb Code   138  rt_memcpy_v6.o(.text)
    _memcpy_lastbytes                        0x00000547   Thumb Code     0  rt_memcpy_v6.o(.text)
    __aeabi_memset                           0x0000056b   Thumb Code    16  aeabi_memset.o(.text)
    __use_two_region_memory                  0x0000057b   Thumb Code     2  heapauxi.o(.text)
    __rt_heap_escrow$2region                 0x0000057d   Thumb Code     2  heapauxi.o(.text)
    __rt_heap_expand$2region                 0x0000057f   Thumb Code     2  heapauxi.o(.text)
    __aeabi_memcpy4                          0x00000581   Thumb Code     0  rt_memcpy_w.o(.text)
    __aeabi_memcpy8                          0x00000581   Thumb Code     0  rt_memcpy_w.o(.text)
    __rt_memcpy_w                            0x00000581   Thumb Code   100  rt_memcpy_w.o(.text)
    _memcpy_lastbytes_aligned                0x000005c9   Thumb Code     0  rt_memcpy_w.o(.text)
    __aeabi_memclr                           0x000005e5   Thumb Code     0  rt_memclr.o(.text)
    __rt_memclr                              0x000005e5   Thumb Code    68  rt_memclr.o(.text)
    _memset                                  0x000005e9   Thumb Code     0  rt_memclr.o(.text)
    __aeabi_memclr4                          0x00000629   Thumb Code     0  rt_memclr_w.o(.text)
    __aeabi_memclr8                          0x00000629   Thumb Code     0  rt_memclr_w.o(.text)
    __rt_memclr_w                            0x00000629   Thumb Code    78  rt_memclr_w.o(.text)
    _memset_w                                0x0000062d   Thumb Code     0  rt_memclr_w.o(.text)
    __user_setup_stackheap                   0x00000677   Thumb Code    74  sys_stackheap_outer.o(.text)
    exit                                     0x000006c1   Thumb Code    18  exit.o(.text)
    __user_libspace                          0x000006d5   Thumb Code     8  libspace.o(.text)
    __user_perproc_libspace                  0x000006d5   Thumb Code     0  libspace.o(.text)
    _sys_exit                                0x000006dd   Thumb Code     8  sys_exit.o(.text)
    __I$use$semihosting                      0x000006e9   Thumb Code     0  use_no_semi.o(.text)
    __use_no_semihosting_swi                 0x000006e9   Thumb Code     2  use_no_semi.o(.text)
    __semihosting_library_function           0x000006eb   Thumb Code     0  indicate_semi.o(.text)
    Analyze_Tag                              0x000006ed   Thumb Code    94  rdm6300.o(i.Analyze_Tag)
    DESELECT                                 0x000007c9   Thumb Code    26  ssi0.o(i.DESELECT)
    DS1307_GetTime                           0x000007e9   Thumb Code   216  ds1307.o(i.DS1307_GetTime)
    DS1307_Init                              0x000008c5   Thumb Code   142  ds1307.o(i.DS1307_Init)
    DS1307_SetTime                           0x000009c1   Thumb Code   204  ds1307.o(i.DS1307_SetTime)
    I2C1_Init                                0x00000c05   Thumb Code   146  i2c1.o(i.I2C1_Init)
    I2C1_Send1                               0x00000ca9   Thumb Code    84  i2c1.o(i.I2C1_Send1)
    LCD1602_Clear                            0x00000d01   Thumb Code    10  lcd1602_i2c.o(i.LCD1602_Clear)
    LCD1602_Goto                             0x00000d0b   Thumb Code    16  lcd1602_i2c.o(i.LCD1602_Goto)
    LCD1602_Init                             0x00000d1b   Thumb Code    56  lcd1602_i2c.o(i.LCD1602_Init)
    LCD1602_SetString                        0x00000d53   Thumb Code    22  lcd1602_i2c.o(i.LCD1602_SetString)
    PLL_Init                                 0x00000d69   Thumb Code   120  pll.o(i.PLL_Init)
    Read_Tag                                 0x00000e61   Thumb Code    92  rdm6300.o(i.Read_Tag)
    Rx0Fifo_Init                             0x00000ebd   Thumb Code    12  uart0.o(i.Rx0Fifo_Init)
    Rx0Fifo_Put                              0x00000ed1   Thumb Code    48  uart0.o(i.Rx0Fifo_Put)
    Rx0Fifo_Size                             0x00000f0d   Thumb Code    14  uart0.o(i.Rx0Fifo_Size)
    Rx1Fifo_Get                              0x00000f25   Thumb Code    46  uart1.o(i.Rx1Fifo_Get)
    Rx1Fifo_Init                             0x00000f61   Thumb Code    12  uart1.o(i.Rx1Fifo_Init)
    Rx1Fifo_Put                              0x00000f75   Thumb Code    48  uart1.o(i.Rx1Fifo_Put)
    Rx1Fifo_Size                             0x00000fb1   Thumb Code    14  uart1.o(i.Rx1Fifo_Size)
    SELECT                                   0x00000fc9   Thumb Code    18  ssi0.o(i.SELECT)
    SSI0_Init                                0x00000fe1   Thumb Code   306  ssi0.o(i.SSI0_Init)
    SysTick_Handler                          0x00001135   Thumb Code    14  freertos_tick_config.o(i.SysTick_Handler)
    SystemInit                               0x00001145   Thumb Code    14  system_tm4c123.o(i.SystemInit)
    Timer5_Init                              0x00001159   Thumb Code   128  ssi0.o(i.Timer5_Init)
    Tx0Fifo_Get                              0x000011ed   Thumb Code    46  uart0.o(i.Tx0Fifo_Get)
    Tx0Fifo_Init                             0x00001229   Thumb Code    12  uart0.o(i.Tx0Fifo_Init)
    Tx0Fifo_Put                              0x0000123d   Thumb Code    48  uart0.o(i.Tx0Fifo_Put)
    Tx0Fifo_Size                             0x00001279   Thumb Code    14  uart0.o(i.Tx0Fifo_Size)
    Tx1Fifo_Get                              0x00001291   Thumb Code    46  uart1.o(i.Tx1Fifo_Get)
    Tx1Fifo_Init                             0x000012cd   Thumb Code    12  uart1.o(i.Tx1Fifo_Init)
    Tx1Fifo_Size                             0x000012e1   Thumb Code    14  uart1.o(i.Tx1Fifo_Size)
    UART0_Handler                            0x000012f9   Thumb Code    68  uart0.o(i.UART0_Handler)
    UART0_Init                               0x00001341   Thumb Code   210  uart0.o(i.UART0_Init)
    UART0_OutChar                            0x0000142d   Thumb Code    46  uart0.o(i.UART0_OutChar)
    UART0_OutString                          0x00001461   Thumb Code    22  uart0.o(i.UART0_OutString)
    UART0_OutUDec                            0x00001477   Thumb Code    42  uart0.o(i.UART0_OutUDec)
    UART1_Handler                            0x000014a1   Thumb Code    68  uart1.o(i.UART1_Handler)
    UART1_InChar                             0x000014e9   Thumb Code    20  uart1.o(i.UART1_InChar)
    UART1_Init                               0x000014fd   Thumb Code   226  uart1.o(i.UART1_Init)
    _mutex_acquire                           0x0000160f   Thumb Code    22  clib_arm.o(i._mutex_acquire)
    _mutex_free                              0x00001625   Thumb Code    12  clib_arm.o(i._mutex_free)
    _mutex_initialize                        0x00001631   Thumb Code    24  clib_arm.o(i._mutex_initialize)
    _mutex_release                           0x00001649   Thumb Code    18  clib_arm.o(i._mutex_release)
    _platform_post_stackheap_init            0x0000165b   Thumb Code     8  clib_arm.o(i._platform_post_stackheap_init)
    disk_initialize                          0x00001dcd   Thumb Code   366  diskio.o(i.disk_initialize)
    disk_ioctl                               0x00001f49   Thumb Code   346  diskio.o(i.disk_ioctl)
    disk_read                                0x000020ad   Thumb Code   142  diskio.o(i.disk_read)
    disk_status                              0x00002145   Thumb Code    14  diskio.o(i.disk_status)
    disk_write                               0x00002159   Thumb Code   184  diskio.o(i.disk_write)
    f_close                                  0x0000223d   Thumb Code    52  ff.o(i.f_close)
    f_lseek                                  0x00002271   Thumb Code   478  ff.o(i.f_lseek)
    f_mount                                  0x00002451   Thumb Code   122  ff.o(i.f_mount)
    f_open                                   0x000024d1   Thumb Code   552  ff.o(i.f_open)
    f_printf                                 0x000026f9   Thumb Code   596  ff.o(i.f_printf)
    f_puts                                   0x0000294d   Thumb Code    44  ff.o(i.f_puts)
    f_sync                                   0x00002979   Thumb Code   176  ff.o(i.f_sync)
    f_write                                  0x00002a29   Thumb Code   564  ff.o(i.f_write)
    ff_cre_syncobj                           0x00002c5d   Thumb Code    26  ffsystem.o(i.ff_cre_syncobj)
    ff_del_syncobj                           0x00002c77   Thumb Code    14  ffsystem.o(i.ff_del_syncobj)
    ff_rel_grant                             0x00002c85   Thumb Code    18  ffsystem.o(i.ff_rel_grant)
    ff_req_grant                             0x00002c97   Thumb Code    28  ffsystem.o(i.ff_req_grant)
    get_fattime                              0x00003151   Thumb Code    66  diskio.o(i.get_fattime)
    main                                     0x00003329   Thumb Code   250  main.o(i.main)
    osKernelGetState                         0x000035bd   Thumb Code    80  cmsis_os2.o(i.osKernelGetState)
    osKernelInitialize                       0x00003611   Thumb Code    58  cmsis_os2.o(i.osKernelInitialize)
    osMutexAcquire                           0x00003651   Thumb Code   124  cmsis_os2.o(i.osMutexAcquire)
    osMutexDelete                            0x000036d1   Thumb Code    60  cmsis_os2.o(i.osMutexDelete)
    osMutexNew                               0x00003711   Thumb Code   180  cmsis_os2.o(i.osMutexNew)
    osMutexRelease                           0x000037c9   Thumb Code   100  cmsis_os2.o(i.osMutexRelease)
    pvPortMalloc                             0x000042f5   Thumb Code   188  heap_4.o(i.pvPortMalloc)
    pvTaskIncrementMutexHeldCount            0x000043c5   Thumb Code    26  tasks.o(i.pvTaskIncrementMutexHeldCount)
    pxPortInitialiseStack                    0x000043e5   Thumb Code    38  port.o(i.pxPortInitialiseStack)
    rcvr_spi_m                               0x00004469   Thumb Code    14  ssi0.o(i.rcvr_spi_m)
    set_max_speed                            0x00004585   Thumb Code    36  ssi0.o(i.set_max_speed)
    uxListRemove                             0x000046eb   Thumb Code    40  list.o(i.uxListRemove)
    vApplicationGetIdleTaskMemory            0x00004715   Thumb Code    14  cmsis_os2.o(i.vApplicationGetIdleTaskMemory)
    vApplicationGetTimerTaskMemory           0x0000472d   Thumb Code    14  cmsis_os2.o(i.vApplicationGetTimerTaskMemory)
    vApplicationStackOverflowHook            0x00004745   Thumb Code     2  cmsis_os2.o(i.vApplicationStackOverflowHook)
    vCard_Read                               0x00004749   Thumb Code   304  mytasks.o(i.vCard_Read)
    vListInitialise                          0x000049f5   Thumb Code    26  list.o(i.vListInitialise)
    vListInitialiseItem                      0x00004a0f   Thumb Code     6  list.o(i.vListInitialiseItem)
    vListInsert                              0x00004a15   Thumb Code    52  list.o(i.vListInsert)
    vListInsertEnd                           0x00004a49   Thumb Code    24  list.o(i.vListInsertEnd)
    vPortEnterCritical                       0x00004a61   Thumb Code    30  port.o(i.vPortEnterCritical)
    vPortExitCritical                        0x00004a85   Thumb Code    28  port.o(i.vPortExitCritical)
    vPortFree                                0x00004aa5   Thumb Code    64  heap_4.o(i.vPortFree)
    vPortSetupTimerInterrupt                 0x00004aed   Thumb Code    24  port.o(i.vPortSetupTimerInterrupt)
    vProcess_Door_Fail                       0x00004b09   Thumb Code    92  mytasks.o(i.vProcess_Door_Fail)
    vProcess_Door_Succeed                    0x00004b99   Thumb Code    92  mytasks.o(i.vProcess_Door_Succeed)
    vQueueDelete                             0x00004c29   Thumb Code    20  queue.o(i.vQueueDelete)
    vQueueWaitForMessageRestricted           0x00004c3d   Thumb Code    74  queue.o(i.vQueueWaitForMessageRestricted)
    vRTC_Print                               0x00004c89   Thumb Code   162  mytasks.o(i.vRTC_Print)
    vTaskDelay                               0x00004d75   Thumb Code    46  tasks.o(i.vTaskDelay)
    vTaskDelayUntil                          0x00004da9   Thumb Code   106  tasks.o(i.vTaskDelayUntil)
    vTaskMissedYield                         0x00004e1d   Thumb Code     8  tasks.o(i.vTaskMissedYield)
    vTaskPlaceOnEventList                    0x00004e29   Thumb Code    28  tasks.o(i.vTaskPlaceOnEventList)
    vTaskPlaceOnEventListRestricted          0x00004e49   Thumb Code    36  tasks.o(i.vTaskPlaceOnEventListRestricted)
    vTaskPriorityInherit                     0x00004e71   Thumb Code   128  tasks.o(i.vTaskPriorityInherit)
    vTaskSetTimeOutState                     0x00004efd   Thumb Code    14  tasks.o(i.vTaskSetTimeOutState)
    vTaskStartScheduler                      0x00004f15   Thumb Code   120  tasks.o(i.vTaskStartScheduler)
    vTaskSuspendAll                          0x00004fa9   Thumb Code    12  tasks.o(i.vTaskSuspendAll)
    vTaskSwitchContext                       0x00004fb9   Thumb Code   154  tasks.o(i.vTaskSwitchContext)
    xPortStartScheduler                      0x000050e9   Thumb Code    58  port.o(i.xPortStartScheduler)
    xPortSysTickHandler                      0x00005131   Thumb Code    46  port.o(i.xPortSysTickHandler)
    xQueueCreateMutex                        0x00005165   Thumb Code    34  queue.o(i.xQueueCreateMutex)
    xQueueCreateMutexStatic                  0x00005187   Thumb Code    42  queue.o(i.xQueueCreateMutexStatic)
    xQueueGenericCreate                      0x000051b1   Thumb Code    62  queue.o(i.xQueueGenericCreate)
    xQueueGenericCreateStatic                0x000051ef   Thumb Code    46  queue.o(i.xQueueGenericCreateStatic)
    xQueueGenericReceive                     0x0000521d   Thumb Code   342  queue.o(i.xQueueGenericReceive)
    xQueueGenericReset                       0x00005379   Thumb Code   122  queue.o(i.xQueueGenericReset)
    xQueueGenericSend                        0x000053f9   Thumb Code   276  queue.o(i.xQueueGenericSend)
    xQueueGenericSendFromISR                 0x00005511   Thumb Code   134  queue.o(i.xQueueGenericSendFromISR)
    xQueueGiveMutexRecursive                 0x00005597   Thumb Code    48  queue.o(i.xQueueGiveMutexRecursive)
    xQueueTakeMutexRecursive                 0x000055c7   Thumb Code    58  queue.o(i.xQueueTakeMutexRecursive)
    xTaskCheckForTimeOut                     0x00005601   Thumb Code    84  tasks.o(i.xTaskCheckForTimeOut)
    xTaskCreate                              0x0000565d   Thumb Code   100  tasks.o(i.xTaskCreate)
    xTaskCreateStatic                        0x000056c1   Thumb Code    78  tasks.o(i.xTaskCreateStatic)
    xTaskGetCurrentTaskHandle                0x00005711   Thumb Code     6  tasks.o(i.xTaskGetCurrentTaskHandle)
    xTaskGetSchedulerState                   0x0000571d   Thumb Code    24  tasks.o(i.xTaskGetSchedulerState)
    xTaskGetTickCount                        0x0000573d   Thumb Code     6  tasks.o(i.xTaskGetTickCount)
    xTaskIncrementTick                       0x00005749   Thumb Code   236  tasks.o(i.xTaskIncrementTick)
    xTaskPriorityDisinherit                  0x00005861   Thumb Code    86  tasks.o(i.xTaskPriorityDisinherit)
    xTaskRemoveFromEventList                 0x000058c1   Thumb Code   102  tasks.o(i.xTaskRemoveFromEventList)
    xTaskResumeAll                           0x00005941   Thumb Code   194  tasks.o(i.xTaskResumeAll)
    xTimerCreateTimerTask                    0x00005a29   Thumb Code    76  timers.o(i.xTimerCreateTimerTask)
    xTimerGenericCommand                     0x00005a89   Thumb Code   104  timers.o(i.xTimerGenericCommand)
    xchg_spi                                 0x00005af5   Thumb Code    42  ssi0.o(i.xchg_spi)
    _fp_init                                 0x00005b85   Thumb Code    10  fpinit.o(x$fpl$fpinit)
    __fplib_config_fpu_vfp                   0x00005b8d   Thumb Code     0  fpinit.o(x$fpl$fpinit)
    __fplib_config_pureend_doubles           0x00005b8d   Thumb Code     0  fpinit.o(x$fpl$fpinit)
    AuthorizedTagID                          0x00005b9c   Data          16  rdm6300.o(.constdata)
    Region$$Table$$Base                      0x00005c2c   Number         0  anon$$obj.o(Region$$Table)
    Region$$Table$$Limit                     0x00005c4c   Number         0  anon$$obj.o(Region$$Table)
    xSDCtoLCD1_BiSem                         0x20000000   Data           4  mytasks.o(.data)
    xSDCtoLCD2_BiSem                         0x20000004   Data           4  mytasks.o(.data)
    Rx0PutI                                  0x2000000c   Data           4  uart0.o(.data)
    Rx0GetI                                  0x20000010   Data           4  uart0.o(.data)
    Tx0PutI                                  0x20000014   Data           4  uart0.o(.data)
    Tx0GetI                                  0x20000018   Data           4  uart0.o(.data)
    Rx1PutI                                  0x2000001c   Data           4  uart1.o(.data)
    Rx1GetI                                  0x20000020   Data           4  uart1.o(.data)
    Tx1PutI                                  0x20000024   Data           4  uart1.o(.data)
    Tx1GetI                                  0x20000028   Data           4  uart1.o(.data)
    SystemCoreClock                          0x2000003c   Data           4  system_tm4c123.o(.data)
    pxCurrentTCB                             0x2000005c   Data           4  tasks.o(.data)
    presentValue                             0x200000ac   Data           9  main.o(.bss)
    storedValue                              0x200000b5   Data           9  main.o(.bss)
    DiskVolume0                              0x200000c0   Data         564  main.o(.bss)
    logger1                                  0x200002f4   Data         556  mytasks.o(.bss)
    myTag                                    0x20000520   Data          14  mytasks.o(.bss)
    __libspace_start                         0x20002f04   Data          96  libspace.o(.bss)
    __temporary_stack_top$libspace           0x20002f64   Data           0  libspace.o(.bss)



==============================================================================

Memory Map of the image

  Image Entry point : 0x0000026d

  Load Region LR_IROM1 (Base: 0x00000000, Size: 0x00005cf8, Max: 0x00040000, ABSOLUTE)

    Execution Region ER_IROM1 (Base: 0x00000000, Size: 0x00005c4c, Max: 0x00040000, ABSOLUTE)

    Base Addr    Size         Type   Attr      Idx    E Section Name        Object

    0x00000000   0x0000026c   Data   RO         1892    RESET               startup_tm4c123.o
    0x0000026c   0x00000008   Code   RO         3031  * !!!main             c_w.l(__main.o)
    0x00000274   0x00000034   Code   RO         3192    !!!scatter          c_w.l(__scatter.o)
    0x000002a8   0x0000001a   Code   RO         3194    !!handler_copy      c_w.l(__scatter_copy.o)
    0x000002c2   0x00000002   PAD
    0x000002c4   0x0000001c   Code   RO         3196    !!handler_zi        c_w.l(__scatter_zi.o)
    0x000002e0   0x00000002   Code   RO         3062    .ARM.Collect$$libinit$$00000000  c_w.l(libinit.o)
    0x000002e2   0x00000004   Code   RO         3068    .ARM.Collect$$libinit$$00000001  c_w.l(libinit2.o)
    0x000002e6   0x00000000   Code   RO         3071    .ARM.Collect$$libinit$$00000004  c_w.l(libinit2.o)
    0x000002e6   0x00000000   Code   RO         3074    .ARM.Collect$$libinit$$0000000A  c_w.l(libinit2.o)
    0x000002e6   0x00000000   Code   RO         3076    .ARM.Collect$$libinit$$0000000C  c_w.l(libinit2.o)
    0x000002e6   0x00000000   Code   RO         3078    .ARM.Collect$$libinit$$0000000E  c_w.l(libinit2.o)
    0x000002e6   0x00000000   Code   RO         3081    .ARM.Collect$$libinit$$00000011  c_w.l(libinit2.o)
    0x000002e6   0x00000000   Code   RO         3083    .ARM.Collect$$libinit$$00000013  c_w.l(libinit2.o)
    0x000002e6   0x00000000   Code   RO         3085    .ARM.Collect$$libinit$$00000015  c_w.l(libinit2.o)
    0x000002e6   0x00000000   Code   RO         3087    .ARM.Collect$$libinit$$00000017  c_w.l(libinit2.o)
    0x000002e6   0x00000000   Code   RO         3089    .ARM.Collect$$libinit$$00000019  c_w.l(libinit2.o)
    0x000002e6   0x00000000   Code   RO         3091    .ARM.Collect$$libinit$$0000001B  c_w.l(libinit2.o)
    0x000002e6   0x00000000   Code   RO         3093    .ARM.Collect$$libinit$$0000001D  c_w.l(libinit2.o)
    0x000002e6   0x00000000   Code   RO         3095    .ARM.Collect$$libinit$$0000001F  c_w.l(libinit2.o)
    0x000002e6   0x00000000   Code   RO         3097    .ARM.Collect$$libinit$$00000021  c_w.l(libinit2.o)
    0x000002e6   0x00000000   Code   RO         3099    .ARM.Collect$$libinit$$00000023  c_w.l(libinit2.o)
    0x000002e6   0x00000000   Code   RO         3101    .ARM.Collect$$libinit$$00000025  c_w.l(libinit2.o)
    0x000002e6   0x00000000   Code   RO         3105    .ARM.Collect$$libinit$$0000002C  c_w.l(libinit2.o)
    0x000002e6   0x00000000   Code   RO         3107    .ARM.Collect$$libinit$$0000002E  c_w.l(libinit2.o)
    0x000002e6   0x00000000   Code   RO         3109    .ARM.Collect$$libinit$$00000030  c_w.l(libinit2.o)
    0x000002e6   0x00000000   Code   RO         3111    .ARM.Collect$$libinit$$00000032  c_w.l(libinit2.o)
    0x000002e6   0x00000002   Code   RO         3112    .ARM.Collect$$libinit$$00000033  c_w.l(libinit2.o)
    0x000002e8   0x00000002   Code   RO         3132    .ARM.Collect$$libshutdown$$00000000  c_w.l(libshutdown.o)
    0x000002ea   0x00000000   Code   RO         3145    .ARM.Collect$$libshutdown$$00000002  c_w.l(libshutdown2.o)
    0x000002ea   0x00000000   Code   RO         3147    .ARM.Collect$$libshutdown$$00000004  c_w.l(libshutdown2.o)
    0x000002ea   0x00000000   Code   RO         3150    .ARM.Collect$$libshutdown$$00000007  c_w.l(libshutdown2.o)
    0x000002ea   0x00000000   Code   RO         3153    .ARM.Collect$$libshutdown$$0000000A  c_w.l(libshutdown2.o)
    0x000002ea   0x00000000   Code   RO         3155    .ARM.Collect$$libshutdown$$0000000C  c_w.l(libshutdown2.o)
    0x000002ea   0x00000000   Code   RO         3158    .ARM.Collect$$libshutdown$$0000000F  c_w.l(libshutdown2.o)
    0x000002ea   0x00000002   Code   RO         3159    .ARM.Collect$$libshutdown$$00000010  c_w.l(libshutdown2.o)
    0x000002ec   0x00000000   Code   RO         3033    .ARM.Collect$$rtentry$$00000000  c_w.l(__rtentry.o)
    0x000002ec   0x00000000   Code   RO         3039    .ARM.Collect$$rtentry$$00000002  c_w.l(__rtentry2.o)
    0x000002ec   0x00000006   Code   RO         3051    .ARM.Collect$$rtentry$$00000004  c_w.l(__rtentry4.o)
    0x000002f2   0x00000008   Code   RO         3040    .ARM.Collect$$rtentry$$00000008  c_w.l(__rtentry2.o)
    0x000002fa   0x00000004   Code   RO         3042    .ARM.Collect$$rtentry$$0000000A  c_w.l(__rtentry2.o)
    0x000002fe   0x00000000   Code   RO         3044    .ARM.Collect$$rtentry$$0000000C  c_w.l(__rtentry2.o)
    0x000002fe   0x00000008   Code   RO         3045    .ARM.Collect$$rtentry$$0000000D  c_w.l(__rtentry2.o)
    0x00000306   0x00000002   Code   RO         3066    .ARM.Collect$$rtexit$$00000000  c_w.l(rtexit.o)
    0x00000308   0x00000000   Code   RO         3114    .ARM.Collect$$rtexit$$00000002  c_w.l(rtexit2.o)
    0x00000308   0x00000004   Code   RO         3115    .ARM.Collect$$rtexit$$00000003  c_w.l(rtexit2.o)
    0x0000030c   0x00000006   Code   RO         3116    .ARM.Collect$$rtexit$$00000004  c_w.l(rtexit2.o)
    0x00000312   0x00000002   PAD
    0x00000314   0x000000b6   Code   RO         2199    .emb_text           port.o
    0x000003ca   0x00000002   PAD
    0x000003cc   0x00000114   Code   RO         1893    .text               startup_tm4c123.o
    0x000004e0   0x0000008a   Code   RO         3025    .text               c_w.l(rt_memcpy_v6.o)
    0x0000056a   0x00000010   Code   RO         3027    .text               c_w.l(aeabi_memset.o)
    0x0000057a   0x00000006   Code   RO         3029    .text               c_w.l(heapauxi.o)
    0x00000580   0x00000064   Code   RO         3034    .text               c_w.l(rt_memcpy_w.o)
    0x000005e4   0x00000044   Code   RO         3036    .text               c_w.l(rt_memclr.o)
    0x00000628   0x0000004e   Code   RO         3053    .text               c_w.l(rt_memclr_w.o)
    0x00000676   0x0000004a   Code   RO         3055    .text               c_w.l(sys_stackheap_outer.o)
    0x000006c0   0x00000012   Code   RO         3057    .text               c_w.l(exit.o)
    0x000006d2   0x00000002   PAD
    0x000006d4   0x00000008   Code   RO         3063    .text               c_w.l(libspace.o)
    0x000006dc   0x0000000c   Code   RO         3124    .text               c_w.l(sys_exit.o)
    0x000006e8   0x00000002   Code   RO         3135    .text               c_w.l(use_no_semi.o)
    0x000006ea   0x00000000   Code   RO         3137    .text               c_w.l(indicate_semi.o)
    0x000006ea   0x00000002   PAD
    0x000006ec   0x00000078   Code   RO          355    i.Analyze_Tag       rdm6300.o
    0x00000764   0x00000014   Code   RO         1288    i.BCD2Dec           ds1307.o
    0x00000778   0x00000050   Code   RO          280    i.Cmd_Write         lcd1602_i2c.o
    0x000007c8   0x00000020   Code   RO         1177    i.DESELECT          ssi0.o
    0x000007e8   0x000000dc   Code   RO         1289    i.DS1307_GetTime    ds1307.o
    0x000008c4   0x000000a4   Code   RO         1291    i.DS1307_Init       ds1307.o
    0x00000968   0x00000058   Code   RO         1292    i.DS1307_SetAddressReg  ds1307.o
    0x000009c0   0x000000d0   Code   RO         1293    i.DS1307_SetTime    ds1307.o
    0x00000a90   0x00000088   Code   RO         1294    i.DS1307_ValueUpdateToBCD  ds1307.o
    0x00000b18   0x00000074   Code   RO         1295    i.DS1307_ValueUpdateToDec  ds1307.o
    0x00000b8c   0x00000058   Code   RO          281    i.Data_Write        lcd1602_i2c.o
    0x00000be4   0x00000020   Code   RO         1296    i.Dec2BCD           ds1307.o
    0x00000c04   0x000000a4   Code   RO          238    i.I2C1_Init         i2c1.o
    0x00000ca8   0x00000058   Code   RO          240    i.I2C1_Send1        i2c1.o
    0x00000d00   0x0000000a   Code   RO          282    i.LCD1602_Clear     lcd1602_i2c.o
    0x00000d0a   0x00000010   Code   RO          283    i.LCD1602_Goto      lcd1602_i2c.o
    0x00000d1a   0x00000038   Code   RO          284    i.LCD1602_Init      lcd1602_i2c.o
    0x00000d52   0x00000016   Code   RO          287    i.LCD1602_SetString  lcd1602_i2c.o
    0x00000d68   0x0000007c   Code   RO          211    i.PLL_Init          pll.o
    0x00000de4   0x0000007c   Code   RO            4    i.PortF_Init        main.o
    0x00000e60   0x0000005c   Code   RO          356    i.Read_Tag          rdm6300.o
    0x00000ebc   0x00000014   Code   RO          408    i.Rx0Fifo_Init      uart0.o
    0x00000ed0   0x0000003c   Code   RO          409    i.Rx0Fifo_Put       uart0.o
    0x00000f0c   0x00000018   Code   RO          410    i.Rx0Fifo_Size      uart0.o
    0x00000f24   0x0000003c   Code   RO          557    i.Rx1Fifo_Get       uart1.o
    0x00000f60   0x00000014   Code   RO          558    i.Rx1Fifo_Init      uart1.o
    0x00000f74   0x0000003c   Code   RO          559    i.Rx1Fifo_Put       uart1.o
    0x00000fb0   0x00000018   Code   RO          560    i.Rx1Fifo_Size      uart1.o
    0x00000fc8   0x00000018   Code   RO         1178    i.SELECT            ssi0.o
    0x00000fe0   0x00000154   Code   RO         1179    i.SSI0_Init         ssi0.o
    0x00001134   0x0000000e   Code   RO         3002    i.SysTick_Handler   freertos_tick_config.o
    0x00001142   0x00000002   PAD
    0x00001144   0x00000014   Code   RO         1901    i.SystemInit        system_tm4c123.o
    0x00001158   0x00000094   Code   RO         1181    i.Timer5_Init       ssi0.o
    0x000011ec   0x0000003c   Code   RO          411    i.Tx0Fifo_Get       uart0.o
    0x00001228   0x00000014   Code   RO          412    i.Tx0Fifo_Init      uart0.o
    0x0000123c   0x0000003c   Code   RO          413    i.Tx0Fifo_Put       uart0.o
    0x00001278   0x00000018   Code   RO          414    i.Tx0Fifo_Size      uart0.o
    0x00001290   0x0000003c   Code   RO          561    i.Tx1Fifo_Get       uart1.o
    0x000012cc   0x00000014   Code   RO          562    i.Tx1Fifo_Init      uart1.o
    0x000012e0   0x00000018   Code   RO          564    i.Tx1Fifo_Size      uart1.o
    0x000012f8   0x00000048   Code   RO          415    i.UART0_Handler     uart0.o
    0x00001340   0x000000ec   Code   RO          420    i.UART0_Init        uart0.o
    0x0000142c   0x00000034   Code   RO          421    i.UART0_OutChar     uart0.o
    0x00001460   0x00000016   Code   RO          422    i.UART0_OutString   uart0.o
    0x00001476   0x0000002a   Code   RO          423    i.UART0_OutUDec     uart0.o
    0x000014a0   0x00000048   Code   RO          565    i.UART1_Handler     uart1.o
    0x000014e8   0x00000014   Code   RO          566    i.UART1_InChar      uart1.o
    0x000014fc   0x00000100   Code   RO          570    i.UART1_Init        uart1.o
    0x000015fc   0x00000006   Code   RO         1430    i.__get_BASEPRI     cmsis_os2.o
    0x00001602   0x00000006   Code   RO         1431    i.__get_IPSR        cmsis_os2.o
    0x00001608   0x00000006   Code   RO         1432    i.__get_PRIMASK     cmsis_os2.o
    0x0000160e   0x00000016   Code   RO         1362    i._mutex_acquire    clib_arm.o
    0x00001624   0x0000000c   Code   RO         1363    i._mutex_free       clib_arm.o
    0x00001630   0x00000018   Code   RO         1364    i._mutex_initialize  clib_arm.o
    0x00001648   0x00000012   Code   RO         1365    i._mutex_release    clib_arm.o
    0x0000165a   0x00000008   Code   RO         1366    i._platform_post_stackheap_init  clib_arm.o
    0x00001662   0x00000002   PAD
    0x00001664   0x0000007c   Code   RO          794    i.check_fs          ff.o
    0x000016e0   0x00000014   Code   RO          795    i.chk_chr           ff.o
    0x000016f4   0x0000007c   Code   RO          796    i.chk_lock          ff.o
    0x00001770   0x00000028   Code   RO          797    i.clear_lock        ff.o
    0x00001798   0x0000001a   Code   RO          798    i.clst2sect         ff.o
    0x000017b2   0x00000002   PAD
    0x000017b4   0x00000028   Code   RO          425    i.copyHardwareToSoftware  uart0.o
    0x000017dc   0x00000028   Code   RO          575    i.copyHardwareToSoftware  uart1.o
    0x00001804   0x00000038   Code   RO          426    i.copySoftwareToHardware  uart0.o
    0x0000183c   0x00000038   Code   RO          576    i.copySoftwareToHardware  uart1.o
    0x00001874   0x00000120   Code   RO          799    i.create_chain      ff.o
    0x00001994   0x00000114   Code   RO          800    i.create_name       ff.o
    0x00001aa8   0x0000000c   Code   RO          801    i.dbc_1st           ff.o
    0x00001ab4   0x0000000c   Code   RO          802    i.dbc_2nd           ff.o
    0x00001ac0   0x00000044   Code   RO          803    i.dec_lock          ff.o
    0x00001b04   0x00000060   Code   RO          804    i.dir_alloc         ff.o
    0x00001b64   0x00000060   Code   RO          805    i.dir_clear         ff.o
    0x00001bc4   0x0000006c   Code   RO          806    i.dir_find          ff.o
    0x00001c30   0x000000c6   Code   RO          807    i.dir_next          ff.o
    0x00001cf6   0x0000003c   Code   RO          809    i.dir_register      ff.o
    0x00001d32   0x0000009a   Code   RO          811    i.dir_sdi           ff.o
    0x00001dcc   0x0000017c   Code   RO          697    i.disk_initialize   diskio.o
    0x00001f48   0x00000164   Code   RO          698    i.disk_ioctl        diskio.o
    0x000020ac   0x00000098   Code   RO          699    i.disk_read         diskio.o
    0x00002144   0x00000014   Code   RO          700    i.disk_status       diskio.o
    0x00002158   0x000000c0   Code   RO          702    i.disk_write        diskio.o
    0x00002218   0x00000024   Code   RO          812    i.enq_lock          ff.o
    0x0000223c   0x00000034   Code   RO          813    i.f_close           ff.o
    0x00002270   0x000001de   Code   RO          817    i.f_lseek           ff.o
    0x0000244e   0x00000002   PAD
    0x00002450   0x00000080   Code   RO          819    i.f_mount           ff.o
    0x000024d0   0x00000228   Code   RO          820    i.f_open            ff.o
    0x000026f8   0x00000254   Code   RO          822    i.f_printf          ff.o
    0x0000294c   0x0000002c   Code   RO          824    i.f_puts            ff.o
    0x00002978   0x000000b0   Code   RO          829    i.f_sync            ff.o
    0x00002a28   0x00000234   Code   RO          832    i.f_write           ff.o
    0x00002c5c   0x0000001a   Code   RO         1246    i.ff_cre_syncobj    ffsystem.o
    0x00002c76   0x0000000e   Code   RO         1247    i.ff_del_syncobj    ffsystem.o
    0x00002c84   0x00000012   Code   RO         1248    i.ff_rel_grant      ffsystem.o
    0x00002c96   0x0000001c   Code   RO         1249    i.ff_req_grant      ffsystem.o
    0x00002cb2   0x00000002   PAD
    0x00002cb4   0x0000031c   Code   RO          833    i.find_volume       ff.o
    0x00002fd0   0x0000009e   Code   RO          834    i.follow_path       ff.o
    0x0000306e   0x000000e0   Code   RO          835    i.get_fat           ff.o
    0x0000314e   0x00000002   PAD
    0x00003150   0x00000048   Code   RO          703    i.get_fattime       diskio.o
    0x00003198   0x0000004c   Code   RO          837    i.get_ldnumber      ff.o
    0x000031e4   0x000000b8   Code   RO          838    i.inc_lock          ff.o
    0x0000329c   0x00000026   Code   RO          839    i.ld_clust          ff.o
    0x000032c2   0x00000018   Code   RO          840    i.ld_dword          ff.o
    0x000032da   0x0000000c   Code   RO          841    i.ld_word           ff.o
    0x000032e6   0x0000000c   Code   RO          842    i.lock_fs           ff.o
    0x000032f2   0x00000002   PAD
    0x000032f4   0x00000034   Code   RO            5    i.loopError         main.o
    0x00003328   0x00000210   Code   RO            6    i.main              main.o
    0x00003538   0x00000024   Code   RO          843    i.mem_cmp           ff.o
    0x0000355c   0x0000001a   Code   RO          844    i.mem_cpy           ff.o
    0x00003576   0x00000012   Code   RO          845    i.mem_set           ff.o
    0x00003588   0x00000034   Code   RO          846    i.move_window       ff.o
    0x000035bc   0x00000054   Code   RO         1442    i.osKernelGetState  cmsis_os2.o
    0x00003610   0x00000040   Code   RO         1447    i.osKernelInitialize  cmsis_os2.o
    0x00003650   0x00000080   Code   RO         1461    i.osMutexAcquire    cmsis_os2.o
    0x000036d0   0x00000040   Code   RO         1462    i.osMutexDelete     cmsis_os2.o
    0x00003710   0x000000b8   Code   RO         1464    i.osMutexNew        cmsis_os2.o
    0x000037c8   0x00000068   Code   RO         1465    i.osMutexRelease    cmsis_os2.o
    0x00003830   0x00000024   Code   RO         1367    i.os_kernel_is_active  clib_arm.o
    0x00003854   0x0000007c   Code   RO         2493    i.prvAddCurrentTaskToDelayedList  tasks.o
    0x000038d0   0x000000b8   Code   RO         2494    i.prvAddNewTaskToReadyList  tasks.o
    0x00003988   0x0000005c   Code   RO         2854    i.prvCheckForValidListAndQueue  timers.o
    0x000039e4   0x00000064   Code   RO         2495    i.prvCheckTasksWaitingTermination  tasks.o
    0x00003a48   0x0000002a   Code   RO         2282    i.prvCopyDataFromQueue  queue.o
    0x00003a72   0x0000007c   Code   RO         2283    i.prvCopyDataToQueue  queue.o
    0x00003aee   0x00000028   Code   RO         2496    i.prvDeleteTCB      tasks.o
    0x00003b16   0x00000002   PAD
    0x00003b18   0x00000028   Code   RO         2855    i.prvGetNextExpireTime  timers.o
    0x00003b40   0x0000007c   Code   RO         2138    i.prvHeapInit       heap_4.o
    0x00003bbc   0x00000028   Code   RO         2497    i.prvIdleTask       tasks.o
    0x00003be4   0x0000001c   Code   RO         2284    i.prvInitialiseMutex  queue.o
    0x00003c00   0x0000002a   Code   RO         2285    i.prvInitialiseNewQueue  queue.o
    0x00003c2a   0x00000090   Code   RO         2498    i.prvInitialiseNewTask  tasks.o
    0x00003cba   0x00000002   PAD
    0x00003cbc   0x00000068   Code   RO         2499    i.prvInitialiseTaskLists  tasks.o
    0x00003d24   0x00000068   Code   RO         2139    i.prvInsertBlockIntoFreeList  heap_4.o
    0x00003d8c   0x00000058   Code   RO         2857    i.prvInsertTimerInActiveList  timers.o
    0x00003de4   0x0000001a   Code   RO         2286    i.prvIsQueueEmpty   queue.o
    0x00003dfe   0x0000001e   Code   RO         2287    i.prvIsQueueFull    queue.o
    0x00003e1c   0x0000004c   Code   RO         2858    i.prvProcessExpiredTimer  timers.o
    0x00003e68   0x000000d4   Code   RO         2859    i.prvProcessReceivedCommands  timers.o
    0x00003f3c   0x00000074   Code   RO         2860    i.prvProcessTimerOrBlockTask  timers.o
    0x00003fb0   0x00000034   Code   RO         2501    i.prvResetNextTaskUnblockTime  tasks.o
    0x00003fe4   0x0000002c   Code   RO         2861    i.prvSampleTimeNow  timers.o
    0x00004010   0x00000084   Code   RO         2862    i.prvSwitchTimerLists  timers.o
    0x00004094   0x00000016   Code   RO         2200    i.prvTaskExitError  port.o
    0x000040aa   0x0000001a   Code   RO         2863    i.prvTimerTask      timers.o
    0x000040c4   0x0000007e   Code   RO         2288    i.prvUnlockQueue    queue.o
    0x00004142   0x00000138   Code   RO          847    i.put_fat           ff.o
    0x0000427a   0x00000044   Code   RO          848    i.putc_bfd          ff.o
    0x000042be   0x0000002c   Code   RO          849    i.putc_flush        ff.o
    0x000042ea   0x0000000a   Code   RO          850    i.putc_init         ff.o
    0x000042f4   0x000000d0   Code   RO         2140    i.pvPortMalloc      heap_4.o
    0x000043c4   0x00000020   Code   RO         2504    i.pvTaskIncrementMutexHeldCount  tasks.o
    0x000043e4   0x0000002c   Code   RO         2201    i.pxPortInitialiseStack  port.o
    0x00004410   0x00000058   Code   RO          704    i.rcvr_datablock    diskio.o
    0x00004468   0x0000000e   Code   RO         1182    i.rcvr_spi_m        ssi0.o
    0x00004476   0x0000009a   Code   RO          851    i.remove_chain      ff.o
    0x00004510   0x00000074   Code   RO          705    i.send_cmd          diskio.o
    0x00004584   0x00000028   Code   RO         1183    i.set_max_speed     ssi0.o
    0x000045ac   0x00000024   Code   RO          852    i.st_clust          ff.o
    0x000045d0   0x00000018   Code   RO          853    i.st_dword          ff.o
    0x000045e8   0x0000000c   Code   RO          854    i.st_word           ff.o
    0x000045f4   0x00000090   Code   RO          855    i.sync_fs           ff.o
    0x00004684   0x0000004a   Code   RO          856    i.sync_window       ff.o
    0x000046ce   0x0000001c   Code   RO          857    i.unlock_fs         ff.o
    0x000046ea   0x00000028   Code   RO         2090    i.uxListRemove      list.o
    0x00004712   0x00000002   PAD
    0x00004714   0x00000018   Code   RO         1495    i.vApplicationGetIdleTaskMemory  cmsis_os2.o
    0x0000472c   0x00000018   Code   RO         1496    i.vApplicationGetTimerTaskMemory  cmsis_os2.o
    0x00004744   0x00000002   Code   RO         1497    i.vApplicationStackOverflowHook  cmsis_os2.o
    0x00004746   0x00000002   PAD
    0x00004748   0x000002ac   Code   RO          148    i.vCard_Read        mytasks.o
    0x000049f4   0x0000001a   Code   RO         2091    i.vListInitialise   list.o
    0x00004a0e   0x00000006   Code   RO         2092    i.vListInitialiseItem  list.o
    0x00004a14   0x00000034   Code   RO         2093    i.vListInsert       list.o
    0x00004a48   0x00000018   Code   RO         2094    i.vListInsertEnd    list.o
    0x00004a60   0x00000024   Code   RO         2203    i.vPortEnterCritical  port.o
    0x00004a84   0x00000020   Code   RO         2204    i.vPortExitCritical  port.o
    0x00004aa4   0x00000048   Code   RO         2141    i.vPortFree         heap_4.o
    0x00004aec   0x0000001c   Code   RO         2205    i.vPortSetupTimerInterrupt  port.o
    0x00004b08   0x00000090   Code   RO          149    i.vProcess_Door_Fail  mytasks.o
    0x00004b98   0x00000090   Code   RO          150    i.vProcess_Door_Succeed  mytasks.o
    0x00004c28   0x00000014   Code   RO         2294    i.vQueueDelete      queue.o
    0x00004c3c   0x0000004a   Code   RO         2296    i.vQueueWaitForMessageRestricted  queue.o
    0x00004c86   0x00000002   PAD
    0x00004c88   0x000000ec   Code   RO          151    i.vRTC_Print        mytasks.o
    0x00004d74   0x00000034   Code   RO         2513    i.vTaskDelay        tasks.o
    0x00004da8   0x00000074   Code   RO         2514    i.vTaskDelayUntil   tasks.o
    0x00004e1c   0x0000000c   Code   RO         2518    i.vTaskMissedYield  tasks.o
    0x00004e28   0x00000020   Code   RO         2520    i.vTaskPlaceOnEventList  tasks.o
    0x00004e48   0x00000028   Code   RO         2521    i.vTaskPlaceOnEventListRestricted  tasks.o
    0x00004e70   0x0000008c   Code   RO         2523    i.vTaskPriorityInherit  tasks.o
    0x00004efc   0x00000018   Code   RO         2527    i.vTaskSetTimeOutState  tasks.o
    0x00004f14   0x00000094   Code   RO         2528    i.vTaskStartScheduler  tasks.o
    0x00004fa8   0x00000010   Code   RO         2530    i.vTaskSuspendAll   tasks.o
    0x00004fb8   0x000000b0   Code   RO         2531    i.vTaskSwitchContext  tasks.o
    0x00005068   0x00000052   Code   RO          858    i.validate          ff.o
    0x000050ba   0x00000002   PAD
    0x000050bc   0x0000002c   Code   RO          706    i.wait_ready        diskio.o
    0x000050e8   0x00000048   Code   RO         2206    i.xPortStartScheduler  port.o
    0x00005130   0x00000034   Code   RO         2207    i.xPortSysTickHandler  port.o
    0x00005164   0x00000022   Code   RO         2299    i.xQueueCreateMutex  queue.o
    0x00005186   0x0000002a   Code   RO         2300    i.xQueueCreateMutexStatic  queue.o
    0x000051b0   0x0000003e   Code   RO         2301    i.xQueueGenericCreate  queue.o
    0x000051ee   0x0000002e   Code   RO         2302    i.xQueueGenericCreateStatic  queue.o
    0x0000521c   0x0000015c   Code   RO         2303    i.xQueueGenericReceive  queue.o
    0x00005378   0x00000080   Code   RO         2304    i.xQueueGenericReset  queue.o
    0x000053f8   0x00000118   Code   RO         2305    i.xQueueGenericSend  queue.o
    0x00005510   0x00000086   Code   RO         2306    i.xQueueGenericSendFromISR  queue.o
    0x00005596   0x00000030   Code   RO         2309    i.xQueueGiveMutexRecursive  queue.o
    0x000055c6   0x0000003a   Code   RO         2314    i.xQueueTakeMutexRecursive  queue.o
    0x00005600   0x0000005c   Code   RO         2532    i.xTaskCheckForTimeOut  tasks.o
    0x0000565c   0x00000064   Code   RO         2533    i.xTaskCreate       tasks.o
    0x000056c0   0x0000004e   Code   RO         2534    i.xTaskCreateStatic  tasks.o
    0x0000570e   0x00000002   PAD
    0x00005710   0x0000000c   Code   RO         2537    i.xTaskGetCurrentTaskHandle  tasks.o
    0x0000571c   0x00000020   Code   RO         2538    i.xTaskGetSchedulerState  tasks.o
    0x0000573c   0x0000000c   Code   RO         2539    i.xTaskGetTickCount  tasks.o
    0x00005748   0x00000118   Code   RO         2541    i.xTaskIncrementTick  tasks.o
    0x00005860   0x00000060   Code   RO         2544    i.xTaskPriorityDisinherit  tasks.o
    0x000058c0   0x00000080   Code   RO         2545    i.xTaskRemoveFromEventList  tasks.o
    0x00005940   0x000000e8   Code   RO         2547    i.xTaskResumeAll    tasks.o
    0x00005a28   0x00000060   Code   RO         2868    i.xTimerCreateTimerTask  timers.o
    0x00005a88   0x0000006c   Code   RO         2869    i.xTimerGenericCommand  timers.o
    0x00005af4   0x00000030   Code   RO         1184    i.xchg_spi          ssi0.o
    0x00005b24   0x00000060   Code   RO          707    i.xmit_datablock    diskio.o
    0x00005b84   0x0000000a   Code   RO         3122    x$fpl$fpinit        fz_wm.l(fpinit.o)
    0x00005b8e   0x00000002   PAD
    0x00005b90   0x00000009   Data   RO            8    .constdata          main.o
    0x00005b99   0x00000003   PAD
    0x00005b9c   0x00000010   Data   RO          357    .constdata          rdm6300.o
    0x00005bac   0x00000080   Data   RO          860    .constdata          ff.o
    0x00005c2c   0x00000020   Data   RO         3190    Region$$Table       anon$$obj.o


    Execution Region RW_IRAM1 (Base: 0x20000000, Size: 0x00003168, Max: 0x00008000, ABSOLUTE)

    Base Addr    Size         Type   Attr      Idx    E Section Name        Object

    0x20000000   0x0000000c   Data   RW          153    .data               mytasks.o
    0x2000000c   0x00000010   Data   RW          428    .data               uart0.o
    0x2000001c   0x00000010   Data   RW          578    .data               uart1.o
    0x2000002c   0x00000004   Data   RW          708    .data               diskio.o
    0x20000030   0x00000006   Data   RW          861    .data               ff.o
    0x20000036   0x00000001   Data   RW         1369    .data               clib_arm.o
    0x20000037   0x00000001   PAD
    0x20000038   0x00000004   Data   RW         1499    .data               cmsis_os2.o
    0x2000003c   0x00000004   Data   RW         1903    .data               system_tm4c123.o
    0x20000040   0x00000018   Data   RW         2146    .data               heap_4.o
    0x20000058   0x00000004   Data   RW         2208    .data               port.o
    0x2000005c   0x0000003c   Data   RW         2550    .data               tasks.o
    0x20000098   0x00000014   Data   RW         2877    .data               timers.o
    0x200000ac   0x00000248   Zero   RW            7    .bss                main.o
    0x200002f4   0x0000023a   Zero   RW          152    .bss                mytasks.o
    0x2000052e   0x00000020   Zero   RW          427    .bss                uart0.o
    0x2000054e   0x00000020   Zero   RW          577    .bss                uart1.o
    0x2000056e   0x00000002   PAD
    0x20000570   0x00000010   Zero   RW          859    .bss                ff.o
    0x20000580   0x000003f8   Zero   RW         1498    .bss                cmsis_os2.o
    0x20000978   0x00002000   Zero   RW         2145    .bss                heap_4.o
    0x20002978   0x000004c4   Zero   RW         2549    .bss                tasks.o
    0x20002e3c   0x000000c8   Zero   RW         2876    .bss                timers.o
    0x20002f04   0x00000060   Zero   RW         3064    .bss                c_w.l(libspace.o)
    0x20002f64   0x00000004   PAD
    0x20002f68   0x00000000   Zero   RW         1891    HEAP                startup_tm4c123.o
    0x20002f68   0x00000200   Zero   RW         1890    STACK               startup_tm4c123.o


==============================================================================

Image component sizes


      Code (inc. data)   RO Data    RW Data    ZI Data      Debug   Object Name

       120          4          0          1          0       8088   clib_arm.o
       696         46          0          4       1016      31664   cmsis_os2.o
      1516         78          0          4          0      10508   diskio.o
       984         36          0          0          0       6364   ds1307.o
         0          0          0          0          0      16088   event_groups.o
      6972         92        128          6         16      55074   ff.o
        86          0          0          0          0       2688   ffsystem.o
        14          0          0          0          0        522   freertos_tick_config.o
       508         62          0         24       8192       4079   heap_4.o
       252         22          0          0          0       1229   i2c1.o
       272          0          0          0          0       3418   lcd1602_i2c.o
       148          0          0          0          0       3402   list.o
       704        308          9          0        584      54090   main.o
      1208        558          0         12        570       6016   mytasks.o
       124          4          0          0          0        523   pll.o
       468         56          0          4          0       9660   port.o
      1692         16          0          0          0      16737   queue.o
       212         26         16          0          0       2399   rdm6300.o
       646         76          0          0          0       4378   ssi0.o
       276         24        620          0        512       5464   startup_tm4c123.o
        20          6          0          4          0        763   system_tm4c123.o
      2638        376          0         60       1220      24283   tasks.o
      1030        114          0         20        200       9427   timers.o
       788        120          0         16         32      38282   uart0.o
       712        120          0         16         32       7512   uart1.o

    ----------------------------------------------------------------------
     22116       2144        808        172      12376     322658   Object Totals
         0          0         32          0          0          0   (incl. Generated)
        30          0          3          1          2          0   (incl. Padding)

    ----------------------------------------------------------------------

      Code (inc. data)   RO Data    RW Data    ZI Data      Debug   Library Member Name

         8          0          0          0          0         68   __main.o
         0          0          0          0          0          0   __rtentry.o
        20          0          0          0          0          0   __rtentry2.o
         6          0          0          0          0          0   __rtentry4.o
        52          8          0          0          0          0   __scatter.o
        26          0          0          0          0          0   __scatter_copy.o
        28          0          0          0          0          0   __scatter_zi.o
        16          0          0          0          0         68   aeabi_memset.o
        18          0          0          0          0         80   exit.o
         6          0          0          0          0        152   heapauxi.o
         0          0          0          0          0          0   indicate_semi.o
         2          0          0          0          0          0   libinit.o
         6          0          0          0          0          0   libinit2.o
         2          0          0          0          0          0   libshutdown.o
         2          0          0          0          0          0   libshutdown2.o
         8          4          0          0         96         68   libspace.o
        68          0          0          0          0         68   rt_memclr.o
        78          0          0          0          0         80   rt_memclr_w.o
       138          0          0          0          0         68   rt_memcpy_v6.o
       100          0          0          0          0         80   rt_memcpy_w.o
         2          0          0          0          0          0   rtexit.o
        10          0          0          0          0          0   rtexit2.o
        12          4          0          0          0         68   sys_exit.o
        74          0          0          0          0         80   sys_stackheap_outer.o
         2          0          0          0          0         68   use_no_semi.o
        10          0          0          0          0        116   fpinit.o

    ----------------------------------------------------------------------
       704         16          0          0        100       1064   Library Totals
        10          0          0          0          4          0   (incl. Padding)

    ----------------------------------------------------------------------

      Code (inc. data)   RO Data    RW Data    ZI Data      Debug   Library Name

       684         16          0          0         96        948   c_w.l
        10          0          0          0          0        116   fz_wm.l

    ----------------------------------------------------------------------
       704         16          0          0        100       1064   Library Totals

    ----------------------------------------------------------------------

==============================================================================


      Code (inc. data)   RO Data    RW Data    ZI Data      Debug   

     22820       2160        808        172      12476     301806   Grand Totals
     22820       2160        808        172      12476     301806   ELF Image Totals
     22820       2160        808        172          0          0   ROM Totals

==============================================================================

    Total RO  Size (Code + RO Data)                23628 (  23.07kB)
    Total RW  Size (RW Data + ZI Data)             12648 (  12.35kB)
    Total ROM Size (Code + RO Data + RW Data)      23800 (  23.24kB)

==============================================================================

